Archive member included to satisfy reference by file (symbol)

.\CortexM3\ARM_GCC_541\Debug\Motor.a(Timer.o)
                              .\CortexM3\ARM_GCC_541\Debug\main.o (Timer_Start)
.\CortexM3\ARM_GCC_541\Debug\Motor.a(LCD.o)
                              .\CortexM3\ARM_GCC_541\Debug\main.o (LCD_PrintString)
.\CortexM3\ARM_GCC_541\Debug\Motor.a(CyLib.o)
                              .\CortexM3\ARM_GCC_541\Debug\Cm3Start.o (CyHalt)
.\CortexM3\ARM_GCC_541\Debug\Motor.a(cyPm.o)
                              .\CortexM3\ARM_GCC_541\Debug\Motor.a(CyLib.o) (CyPmReadStatus)
.\CortexM3\ARM_GCC_541\Debug\Motor.a(Key.o)
                              .\CortexM3\ARM_GCC_541\Debug\main.o (Key_Read)
.\CortexM3\ARM_GCC_541\Debug\Motor.a(IRS_key.o)
                              .\CortexM3\ARM_GCC_541\Debug\main.o (IRS_key_StartEx)
.\CortexM3\ARM_GCC_541\Debug\Motor.a(P0.o)
                              .\CortexM3\ARM_GCC_541\Debug\main.o (P0_Write)
.\CortexM3\ARM_GCC_541\Debug\Motor.a(Timer2.o)
                              .\CortexM3\ARM_GCC_541\Debug\main.o (Timer2_Start)
.\CortexM3\ARM_GCC_541\Debug\Motor.a(ISR_T_1.o)
                              .\CortexM3\ARM_GCC_541\Debug\main.o (ISR_T_1_StartEx)
.\CortexM3\ARM_GCC_541\Debug\Motor.a(ISR_T_2.o)
                              .\CortexM3\ARM_GCC_541\Debug\main.o (ISR_T_2_StartEx)
.\CortexM3\ARM_GCC_541\Debug\Motor.a(PINT.o)
                              .\CortexM3\ARM_GCC_541\Debug\main.o (PINT_Read)
.\CortexM3\ARM_GCC_541\Debug\Motor.a(POUT.o)
                              .\CortexM3\ARM_GCC_541\Debug\main.o (POUT_Write)
.\CortexM3\ARM_GCC_541\Debug\Motor.a(CyBootAsmGnu.o)
                              .\CortexM3\ARM_GCC_541\Debug\cyfitter_cfg.o (CyDelayCycles)
.\CortexM3\ARM_GCC_541\Debug\Motor.a(CyFlash.o)
                              .\CortexM3\ARM_GCC_541\Debug\Motor.a(cyPm.o) (CyFlash_SetWaitCycles)
.\CortexM3\ARM_GCC_541\Debug\Motor.a(CySpc.o)
                              .\CortexM3\ARM_GCC_541\Debug\Motor.a(CyFlash.o) (CySpcStart)
c:/program files (x86)/cypress/psoc creator/4.2/psoc creator/import/gnu/arm/5.4.1/bin/../lib/gcc/arm-none-eabi/5.4.1/armv7-m\libgcc.a(_arm_addsubsf3.o)
                              .\CortexM3\ARM_GCC_541\Debug\main.o (__aeabi_ui2f)
c:/program files (x86)/cypress/psoc creator/4.2/psoc creator/import/gnu/arm/5.4.1/bin/../lib/gcc/arm-none-eabi/5.4.1/armv7-m\libgcc.a(_arm_fixsfsi.o)
                              .\CortexM3\ARM_GCC_541\Debug\main.o (__aeabi_f2iz)
c:/program files (x86)/cypress/psoc creator/4.2/psoc creator/import/gnu/arm/5.4.1/bin/../lib/gcc/arm-none-eabi/5.4.1/../../../../arm-none-eabi/lib/armv7-m\libg_nano.a(lib_a-errno.o)
                              .\CortexM3\ARM_GCC_541\Debug\Cm3Start.o (__errno)
c:/program files (x86)/cypress/psoc creator/4.2/psoc creator/import/gnu/arm/5.4.1/bin/../lib/gcc/arm-none-eabi/5.4.1/../../../../arm-none-eabi/lib/armv7-m\libg_nano.a(lib_a-exit.o)
                              c:/program files (x86)/cypress/psoc creator/4.2/psoc creator/import/gnu/arm/5.4.1/bin/../lib/gcc/arm-none-eabi/5.4.1/../../../../arm-none-eabi/lib/armv7-m/crt0.o (exit)
c:/program files (x86)/cypress/psoc creator/4.2/psoc creator/import/gnu/arm/5.4.1/bin/../lib/gcc/arm-none-eabi/5.4.1/../../../../arm-none-eabi/lib/armv7-m\libg_nano.a(lib_a-impure.o)
                              c:/program files (x86)/cypress/psoc creator/4.2/psoc creator/import/gnu/arm/5.4.1/bin/../lib/gcc/arm-none-eabi/5.4.1/../../../../arm-none-eabi/lib/armv7-m\libg_nano.a(lib_a-exit.o) (_global_impure_ptr)
c:/program files (x86)/cypress/psoc creator/4.2/psoc creator/import/gnu/arm/5.4.1/bin/../lib/gcc/arm-none-eabi/5.4.1/../../../../arm-none-eabi/lib/armv7-m\libg_nano.a(lib_a-init.o)
                              c:/program files (x86)/cypress/psoc creator/4.2/psoc creator/import/gnu/arm/5.4.1/bin/../lib/gcc/arm-none-eabi/5.4.1/../../../../arm-none-eabi/lib/armv7-m/crt0.o (__libc_init_array)
c:/program files (x86)/cypress/psoc creator/4.2/psoc creator/import/gnu/arm/5.4.1/bin/../lib/gcc/arm-none-eabi/5.4.1/../../../../arm-none-eabi/lib/armv7-m\libg_nano.a(lib_a-memcpy-stub.o)
                              .\CortexM3\ARM_GCC_541\Debug\cyfitter_cfg.o (memcpy)
c:/program files (x86)/cypress/psoc creator/4.2/psoc creator/import/gnu/arm/5.4.1/bin/../lib/gcc/arm-none-eabi/5.4.1/../../../../arm-none-eabi/lib/armv7-m\libg_nano.a(lib_a-memset.o)
                              c:/program files (x86)/cypress/psoc creator/4.2/psoc creator/import/gnu/arm/5.4.1/bin/../lib/gcc/arm-none-eabi/5.4.1/../../../../arm-none-eabi/lib/armv7-m/crt0.o (memset)

Allocating common symbols
Common symbol       size              file

dieTemperature      0x2               .\CortexM3\ARM_GCC_541\Debug\Motor.a(CyFlash.o)

Discarded input sections

 .text          0x00000000        0x0 c:/program files (x86)/cypress/psoc creator/4.2/psoc creator/import/gnu/arm/5.4.1/bin/../lib/gcc/arm-none-eabi/5.4.1/armv7-m/crti.o
 .data          0x00000000        0x0 c:/program files (x86)/cypress/psoc creator/4.2/psoc creator/import/gnu/arm/5.4.1/bin/../lib/gcc/arm-none-eabi/5.4.1/armv7-m/crti.o
 .bss           0x00000000        0x0 c:/program files (x86)/cypress/psoc creator/4.2/psoc creator/import/gnu/arm/5.4.1/bin/../lib/gcc/arm-none-eabi/5.4.1/armv7-m/crti.o
 .data          0x00000000        0x4 c:/program files (x86)/cypress/psoc creator/4.2/psoc creator/import/gnu/arm/5.4.1/bin/../lib/gcc/arm-none-eabi/5.4.1/armv7-m/crtbegin.o
 .text          0x00000000       0x74 c:/program files (x86)/cypress/psoc creator/4.2/psoc creator/import/gnu/arm/5.4.1/bin/../lib/gcc/arm-none-eabi/5.4.1/../../../../arm-none-eabi/lib/armv7-m/crt0.o
 .data          0x00000000        0x0 c:/program files (x86)/cypress/psoc creator/4.2/psoc creator/import/gnu/arm/5.4.1/bin/../lib/gcc/arm-none-eabi/5.4.1/../../../../arm-none-eabi/lib/armv7-m/crt0.o
 .bss           0x00000000        0x0 c:/program files (x86)/cypress/psoc creator/4.2/psoc creator/import/gnu/arm/5.4.1/bin/../lib/gcc/arm-none-eabi/5.4.1/../../../../arm-none-eabi/lib/armv7-m/crt0.o
 .ARM.extab     0x00000000        0x0 c:/program files (x86)/cypress/psoc creator/4.2/psoc creator/import/gnu/arm/5.4.1/bin/../lib/gcc/arm-none-eabi/5.4.1/../../../../arm-none-eabi/lib/armv7-m/crt0.o
 .ARM.exidx     0x00000000        0x8 c:/program files (x86)/cypress/psoc creator/4.2/psoc creator/import/gnu/arm/5.4.1/bin/../lib/gcc/arm-none-eabi/5.4.1/../../../../arm-none-eabi/lib/armv7-m/crt0.o
 .text          0x00000000        0x0 .\CortexM3\ARM_GCC_541\Debug\main.o
 .text          0x00000000        0x0 .\CortexM3\ARM_GCC_541\Debug\cyfitter_cfg.o
 .data          0x00000000        0x0 .\CortexM3\ARM_GCC_541\Debug\cyfitter_cfg.o
 .bss           0x00000000        0x0 .\CortexM3\ARM_GCC_541\Debug\cyfitter_cfg.o
 .text.SetAnalogRoutingPumps
                0x00000000       0x10 .\CortexM3\ARM_GCC_541\Debug\cyfitter_cfg.o
 .text          0x00000000        0x0 .\CortexM3\ARM_GCC_541\Debug\cymetadata.o
 .data          0x00000000        0x0 .\CortexM3\ARM_GCC_541\Debug\cymetadata.o
 .bss           0x00000000        0x0 .\CortexM3\ARM_GCC_541\Debug\cymetadata.o
 .text          0x00000000        0x0 .\CortexM3\ARM_GCC_541\Debug\Cm3Start.o
 .data          0x00000000        0x4 .\CortexM3\ARM_GCC_541\Debug\Cm3Start.o
 .bss           0x00000000        0x0 .\CortexM3\ARM_GCC_541\Debug\Cm3Start.o
 .text._exit    0x00000000        0xc .\CortexM3\ARM_GCC_541\Debug\Cm3Start.o
 .text._sbrk    0x00000000       0x30 .\CortexM3\ARM_GCC_541\Debug\Cm3Start.o
 .text          0x00000000        0x0 .\CortexM3\ARM_GCC_541\Debug\Motor.a(Timer.o)
 .data          0x00000000        0x0 .\CortexM3\ARM_GCC_541\Debug\Motor.a(Timer.o)
 .text.Timer_Stop
                0x00000000       0x28 .\CortexM3\ARM_GCC_541\Debug\Motor.a(Timer.o)
 .text.Timer_SoftwareCapture
                0x00000000        0xc .\CortexM3\ARM_GCC_541\Debug\Motor.a(Timer.o)
 .text.Timer_ReadStatusRegister
                0x00000000        0xc .\CortexM3\ARM_GCC_541\Debug\Motor.a(Timer.o)
 .text.Timer_ReadControlRegister
                0x00000000        0xc .\CortexM3\ARM_GCC_541\Debug\Motor.a(Timer.o)
 .text.Timer_WriteControlRegister
                0x00000000        0xc .\CortexM3\ARM_GCC_541\Debug\Motor.a(Timer.o)
 .text.Timer_ReadPeriod
                0x00000000        0xc .\CortexM3\ARM_GCC_541\Debug\Motor.a(Timer.o)
 .text.Timer_ReadCapture
                0x00000000        0xc .\CortexM3\ARM_GCC_541\Debug\Motor.a(Timer.o)
 .text.Timer_ReadCounter
                0x00000000       0x14 .\CortexM3\ARM_GCC_541\Debug\Motor.a(Timer.o)
 .text          0x00000000        0x0 .\CortexM3\ARM_GCC_541\Debug\Motor.a(LCD.o)
 .data          0x00000000        0x0 .\CortexM3\ARM_GCC_541\Debug\Motor.a(LCD.o)
 .text.LCD_PutChar
                0x00000000        0x8 .\CortexM3\ARM_GCC_541\Debug\Motor.a(LCD.o)
 .text.LCD_Stop
                0x00000000       0x14 .\CortexM3\ARM_GCC_541\Debug\Motor.a(LCD.o)
 .text.LCD_PrintInt8
                0x00000000       0x20 .\CortexM3\ARM_GCC_541\Debug\Motor.a(LCD.o)
 .text.LCD_PrintInt16
                0x00000000       0x14 .\CortexM3\ARM_GCC_541\Debug\Motor.a(LCD.o)
 .text.LCD_PrintInt32
                0x00000000       0x1c .\CortexM3\ARM_GCC_541\Debug\Motor.a(LCD.o)
 .rodata        0x00000000       0x10 .\CortexM3\ARM_GCC_541\Debug\Motor.a(LCD.o)
 .text          0x00000000        0x0 .\CortexM3\ARM_GCC_541\Debug\Motor.a(CyLib.o)
 .bss           0x00000000       0x1c .\CortexM3\ARM_GCC_541\Debug\Motor.a(CyLib.o)
 .text.CyUSB_PowerOnCheck
                0x00000000       0x48 .\CortexM3\ARM_GCC_541\Debug\Motor.a(CyLib.o)
 .text.CyBusClk_Internal_SetDivider
                0x00000000       0x48 .\CortexM3\ARM_GCC_541\Debug\Motor.a(CyLib.o)
 .text.CyPLL_OUT_Stop
                0x00000000       0x10 .\CortexM3\ARM_GCC_541\Debug\Motor.a(CyLib.o)
 .text.CyIMO_Stop
                0x00000000       0x1c .\CortexM3\ARM_GCC_541\Debug\Motor.a(CyLib.o)
 .text.CyIMO_EnableDoubler
                0x00000000       0x10 .\CortexM3\ARM_GCC_541\Debug\Motor.a(CyLib.o)
 .text.CyIMO_DisableDoubler
                0x00000000       0x10 .\CortexM3\ARM_GCC_541\Debug\Motor.a(CyLib.o)
 .text.CyMasterClk_SetSource
                0x00000000       0x18 .\CortexM3\ARM_GCC_541\Debug\Motor.a(CyLib.o)
 .text.CyMasterClk_SetDivider
                0x00000000        0xc .\CortexM3\ARM_GCC_541\Debug\Motor.a(CyLib.o)
 .text.CyBusClk_SetDivider
                0x00000000       0x70 .\CortexM3\ARM_GCC_541\Debug\Motor.a(CyLib.o)
 .text.CyUsbClk_SetSource
                0x00000000       0x18 .\CortexM3\ARM_GCC_541\Debug\Motor.a(CyLib.o)
 .text.CyILO_Start1K
                0x00000000       0x10 .\CortexM3\ARM_GCC_541\Debug\Motor.a(CyLib.o)
 .text.CyILO_Stop1K
                0x00000000       0x10 .\CortexM3\ARM_GCC_541\Debug\Motor.a(CyLib.o)
 .text.CyILO_Start100K
                0x00000000       0x10 .\CortexM3\ARM_GCC_541\Debug\Motor.a(CyLib.o)
 .text.CyILO_Stop100K
                0x00000000       0x10 .\CortexM3\ARM_GCC_541\Debug\Motor.a(CyLib.o)
 .text.CyPLL_OUT_Start
                0x00000000       0x78 .\CortexM3\ARM_GCC_541\Debug\Motor.a(CyLib.o)
 .text.CyIMO_Start
                0x00000000       0x60 .\CortexM3\ARM_GCC_541\Debug\Motor.a(CyLib.o)
 .text.CyILO_Enable33K
                0x00000000       0x10 .\CortexM3\ARM_GCC_541\Debug\Motor.a(CyLib.o)
 .text.CyILO_Disable33K
                0x00000000       0x10 .\CortexM3\ARM_GCC_541\Debug\Motor.a(CyLib.o)
 .text.CyILO_SetSource
                0x00000000       0x18 .\CortexM3\ARM_GCC_541\Debug\Motor.a(CyLib.o)
 .text.CyILO_SetPowerMode
                0x00000000       0x24 .\CortexM3\ARM_GCC_541\Debug\Motor.a(CyLib.o)
 .text.CyXTAL_32KHZ_Stop
                0x00000000       0x30 .\CortexM3\ARM_GCC_541\Debug\Motor.a(CyLib.o)
 .text.CyXTAL_32KHZ_ReadStatus
                0x00000000       0x10 .\CortexM3\ARM_GCC_541\Debug\Motor.a(CyLib.o)
 .text.CyXTAL_Start
                0x00000000       0xac .\CortexM3\ARM_GCC_541\Debug\Motor.a(CyLib.o)
 .text.CyXTAL_Stop
                0x00000000       0x10 .\CortexM3\ARM_GCC_541\Debug\Motor.a(CyLib.o)
 .text.CyXTAL_EnableErrStatus
                0x00000000       0x10 .\CortexM3\ARM_GCC_541\Debug\Motor.a(CyLib.o)
 .text.CyXTAL_DisableErrStatus
                0x00000000       0x10 .\CortexM3\ARM_GCC_541\Debug\Motor.a(CyLib.o)
 .text.CyXTAL_ReadStatus
                0x00000000       0x18 .\CortexM3\ARM_GCC_541\Debug\Motor.a(CyLib.o)
 .text.CyXTAL_EnableFaultRecovery
                0x00000000       0x10 .\CortexM3\ARM_GCC_541\Debug\Motor.a(CyLib.o)
 .text.CyXTAL_DisableFaultRecovery
                0x00000000       0x10 .\CortexM3\ARM_GCC_541\Debug\Motor.a(CyLib.o)
 .text.CyXTAL_SetStartup
                0x00000000       0x18 .\CortexM3\ARM_GCC_541\Debug\Motor.a(CyLib.o)
 .text.CyXTAL_SetFbVoltage
                0x00000000       0x18 .\CortexM3\ARM_GCC_541\Debug\Motor.a(CyLib.o)
 .text.CyXTAL_SetWdVoltage
                0x00000000       0x18 .\CortexM3\ARM_GCC_541\Debug\Motor.a(CyLib.o)
 .text.CyHalt   0x00000000        0x4 .\CortexM3\ARM_GCC_541\Debug\Motor.a(CyLib.o)
 .text.CyPLL_OUT_SetPQ
                0x00000000       0x60 .\CortexM3\ARM_GCC_541\Debug\Motor.a(CyLib.o)
 .text.CyPLL_OUT_SetSource
                0x00000000       0x34 .\CortexM3\ARM_GCC_541\Debug\Motor.a(CyLib.o)
 .text.CyIMO_SetTrimValue
                0x00000000       0xcc .\CortexM3\ARM_GCC_541\Debug\Motor.a(CyLib.o)
 .text.CyIMO_SetFreq
                0x00000000       0xf4 .\CortexM3\ARM_GCC_541\Debug\Motor.a(CyLib.o)
 .text.CyIMO_SetSource
                0x00000000       0x58 .\CortexM3\ARM_GCC_541\Debug\Motor.a(CyLib.o)
 .text.CySoftwareReset
                0x00000000       0x10 .\CortexM3\ARM_GCC_541\Debug\Motor.a(CyLib.o)
 .text.CyXTAL_32KHZ_SetPowerMode
                0x00000000       0x84 .\CortexM3\ARM_GCC_541\Debug\Motor.a(CyLib.o)
 .text.CyXTAL_32KHZ_Start
                0x00000000       0x74 .\CortexM3\ARM_GCC_541\Debug\Motor.a(CyLib.o)
 .text.CyDelayFreq
                0x00000000       0x4c .\CortexM3\ARM_GCC_541\Debug\Motor.a(CyLib.o)
 .text.CyWdtStart
                0x00000000       0x40 .\CortexM3\ARM_GCC_541\Debug\Motor.a(CyLib.o)
 .text.CyWdtClear
                0x00000000        0xc .\CortexM3\ARM_GCC_541\Debug\Motor.a(CyLib.o)
 .text.CyVdStickyStatus
                0x00000000       0x2c .\CortexM3\ARM_GCC_541\Debug\Motor.a(CyLib.o)
 .text.CyVdLvDigitEnable
                0x00000000       0x84 .\CortexM3\ARM_GCC_541\Debug\Motor.a(CyLib.o)
 .text.CyVdLvAnalogEnable
                0x00000000       0x80 .\CortexM3\ARM_GCC_541\Debug\Motor.a(CyLib.o)
 .text.CyVdLvDigitDisable
                0x00000000       0x30 .\CortexM3\ARM_GCC_541\Debug\Motor.a(CyLib.o)
 .text.CyVdLvAnalogDisable
                0x00000000       0x28 .\CortexM3\ARM_GCC_541\Debug\Motor.a(CyLib.o)
 .text.CyVdHvAnalogEnable
                0x00000000       0x54 .\CortexM3\ARM_GCC_541\Debug\Motor.a(CyLib.o)
 .text.CyVdHvAnalogDisable
                0x00000000       0x20 .\CortexM3\ARM_GCC_541\Debug\Motor.a(CyLib.o)
 .text.CyVdRealTimeStatus
                0x00000000       0x1c .\CortexM3\ARM_GCC_541\Debug\Motor.a(CyLib.o)
 .text.CyDisableInts
                0x00000000       0x1c .\CortexM3\ARM_GCC_541\Debug\Motor.a(CyLib.o)
 .text.CyEnableInts
                0x00000000       0x18 .\CortexM3\ARM_GCC_541\Debug\Motor.a(CyLib.o)
 .text.CyFlushCache
                0x00000000       0x44 .\CortexM3\ARM_GCC_541\Debug\Motor.a(CyLib.o)
 .text.CyIntSetSysVector
                0x00000000       0x28 .\CortexM3\ARM_GCC_541\Debug\Motor.a(CyLib.o)
 .text.CyIntGetSysVector
                0x00000000       0x20 .\CortexM3\ARM_GCC_541\Debug\Motor.a(CyLib.o)
 .text.CyIntSetVector
                0x00000000       0x28 .\CortexM3\ARM_GCC_541\Debug\Motor.a(CyLib.o)
 .text.CyIntGetVector
                0x00000000       0x24 .\CortexM3\ARM_GCC_541\Debug\Motor.a(CyLib.o)
 .text.CyIntSetPriority
                0x00000000       0x30 .\CortexM3\ARM_GCC_541\Debug\Motor.a(CyLib.o)
 .text.CyIntGetPriority
                0x00000000       0x20 .\CortexM3\ARM_GCC_541\Debug\Motor.a(CyLib.o)
 .text.CyIntGetState
                0x00000000       0x24 .\CortexM3\ARM_GCC_541\Debug\Motor.a(CyLib.o)
 .text.CySysTickStop
                0x00000000       0x10 .\CortexM3\ARM_GCC_541\Debug\Motor.a(CyLib.o)
 .text.CySysTickEnableInterrupt
                0x00000000       0x10 .\CortexM3\ARM_GCC_541\Debug\Motor.a(CyLib.o)
 .text.CySysTickEnable
                0x00000000       0x18 .\CortexM3\ARM_GCC_541\Debug\Motor.a(CyLib.o)
 .text.CySysTickDisableInterrupt
                0x00000000       0x10 .\CortexM3\ARM_GCC_541\Debug\Motor.a(CyLib.o)
 .text.CySysTickSetReload
                0x00000000       0x10 .\CortexM3\ARM_GCC_541\Debug\Motor.a(CyLib.o)
 .text.CySysTickGetReload
                0x00000000       0x10 .\CortexM3\ARM_GCC_541\Debug\Motor.a(CyLib.o)
 .text.CySysTickGetValue
                0x00000000       0x10 .\CortexM3\ARM_GCC_541\Debug\Motor.a(CyLib.o)
 .text.CySysTickSetClockSource
                0x00000000       0x20 .\CortexM3\ARM_GCC_541\Debug\Motor.a(CyLib.o)
 .text.CySysTickGetClockSource
                0x00000000       0x10 .\CortexM3\ARM_GCC_541\Debug\Motor.a(CyLib.o)
 .text.CySysTickGetCountFlag
                0x00000000       0x10 .\CortexM3\ARM_GCC_541\Debug\Motor.a(CyLib.o)
 .text.CySysTickServiceCallbacks
                0x00000000       0x28 .\CortexM3\ARM_GCC_541\Debug\Motor.a(CyLib.o)
 .text.CySysTickClear
                0x00000000        0xc .\CortexM3\ARM_GCC_541\Debug\Motor.a(CyLib.o)
 .text.CySysTickInit
                0x00000000       0x58 .\CortexM3\ARM_GCC_541\Debug\Motor.a(CyLib.o)
 .text.CySysTickStart
                0x00000000       0x1c .\CortexM3\ARM_GCC_541\Debug\Motor.a(CyLib.o)
 .text.CySysTickSetCallback
                0x00000000       0x10 .\CortexM3\ARM_GCC_541\Debug\Motor.a(CyLib.o)
 .text.CySysTickGetCallback
                0x00000000       0x10 .\CortexM3\ARM_GCC_541\Debug\Motor.a(CyLib.o)
 .text.CyGetUniqueId
                0x00000000       0x70 .\CortexM3\ARM_GCC_541\Debug\Motor.a(CyLib.o)
 .text          0x00000000        0x0 .\CortexM3\ARM_GCC_541\Debug\Motor.a(cyPm.o)
 .data          0x00000000        0x0 .\CortexM3\ARM_GCC_541\Debug\Motor.a(cyPm.o)
 .bss           0x00000000       0x43 .\CortexM3\ARM_GCC_541\Debug\Motor.a(cyPm.o)
 .text.CyPmHibSlpSaveSet
                0x00000000      0x1dc .\CortexM3\ARM_GCC_541\Debug\Motor.a(cyPm.o)
 .text.CyPmHibSlpRestore
                0x00000000       0xd8 .\CortexM3\ARM_GCC_541\Debug\Motor.a(cyPm.o)
 .text.CyPmHviLviSaveDisable
                0x00000000       0xa0 .\CortexM3\ARM_GCC_541\Debug\Motor.a(cyPm.o)
 .text.CyPmHibSaveSet
                0x00000000       0x98 .\CortexM3\ARM_GCC_541\Debug\Motor.a(cyPm.o)
 .text.CyPmHviLviRestore
                0x00000000       0x48 .\CortexM3\ARM_GCC_541\Debug\Motor.a(cyPm.o)
 .text.CyPmHibRestore
                0x00000000       0x60 .\CortexM3\ARM_GCC_541\Debug\Motor.a(cyPm.o)
 .text.CyPmSaveClocks
                0x00000000      0x218 .\CortexM3\ARM_GCC_541\Debug\Motor.a(cyPm.o)
 .text.CyPmRestoreClocks
                0x00000000      0x24c .\CortexM3\ARM_GCC_541\Debug\Motor.a(cyPm.o)
 .text.CyPmAltAct
                0x00000000       0x6c .\CortexM3\ARM_GCC_541\Debug\Motor.a(cyPm.o)
 .text.CyPmSleep
                0x00000000       0xf4 .\CortexM3\ARM_GCC_541\Debug\Motor.a(cyPm.o)
 .text.CyPmHibernateEx
                0x00000000       0xf4 .\CortexM3\ARM_GCC_541\Debug\Motor.a(cyPm.o)
 .text.CyPmHibernate
                0x00000000        0xc .\CortexM3\ARM_GCC_541\Debug\Motor.a(cyPm.o)
 .text.CyPmReadStatus
                0x00000000       0x30 .\CortexM3\ARM_GCC_541\Debug\Motor.a(cyPm.o)
 .text.CyPmCtwSetInterval
                0x00000000       0x5c .\CortexM3\ARM_GCC_541\Debug\Motor.a(cyPm.o)
 .text.CyPmOppsSet
                0x00000000       0x2c .\CortexM3\ARM_GCC_541\Debug\Motor.a(cyPm.o)
 .text.CyPmFtwSetInterval
                0x00000000       0x5c .\CortexM3\ARM_GCC_541\Debug\Motor.a(cyPm.o)
 .rodata        0x00000000        0xf .\CortexM3\ARM_GCC_541\Debug\Motor.a(cyPm.o)
 .text          0x00000000        0x0 .\CortexM3\ARM_GCC_541\Debug\Motor.a(Key.o)
 .data          0x00000000        0x0 .\CortexM3\ARM_GCC_541\Debug\Motor.a(Key.o)
 .bss           0x00000000        0x0 .\CortexM3\ARM_GCC_541\Debug\Motor.a(Key.o)
 .text.Key_Write
                0x00000000       0x18 .\CortexM3\ARM_GCC_541\Debug\Motor.a(Key.o)
 .text.Key_SetDriveMode
                0x00000000       0x3c .\CortexM3\ARM_GCC_541\Debug\Motor.a(Key.o)
 .text.Key_ReadDataReg
                0x00000000        0xc .\CortexM3\ARM_GCC_541\Debug\Motor.a(Key.o)
 .text.Key_SetInterruptMode
                0x00000000       0x4c .\CortexM3\ARM_GCC_541\Debug\Motor.a(Key.o)
 .text          0x00000000        0x0 .\CortexM3\ARM_GCC_541\Debug\Motor.a(IRS_key.o)
 .data          0x00000000        0x0 .\CortexM3\ARM_GCC_541\Debug\Motor.a(IRS_key.o)
 .bss           0x00000000        0x0 .\CortexM3\ARM_GCC_541\Debug\Motor.a(IRS_key.o)
 .text.IRS_key_Interrupt
                0x00000000        0x4 .\CortexM3\ARM_GCC_541\Debug\Motor.a(IRS_key.o)
 .text.IRS_key_GetVector
                0x00000000        0xc .\CortexM3\ARM_GCC_541\Debug\Motor.a(IRS_key.o)
 .text.IRS_key_GetPriority
                0x00000000        0xc .\CortexM3\ARM_GCC_541\Debug\Motor.a(IRS_key.o)
 .text.IRS_key_GetState
                0x00000000       0x18 .\CortexM3\ARM_GCC_541\Debug\Motor.a(IRS_key.o)
 .text.IRS_key_Start
                0x00000000       0x1c .\CortexM3\ARM_GCC_541\Debug\Motor.a(IRS_key.o)
 .text.IRS_key_Stop
                0x00000000       0x14 .\CortexM3\ARM_GCC_541\Debug\Motor.a(IRS_key.o)
 .text.IRS_key_SetPending
                0x00000000        0xc .\CortexM3\ARM_GCC_541\Debug\Motor.a(IRS_key.o)
 .text.IRS_key_ClearPending
                0x00000000        0xc .\CortexM3\ARM_GCC_541\Debug\Motor.a(IRS_key.o)
 .text          0x00000000        0x0 .\CortexM3\ARM_GCC_541\Debug\Motor.a(P0.o)
 .data          0x00000000        0x0 .\CortexM3\ARM_GCC_541\Debug\Motor.a(P0.o)
 .bss           0x00000000        0x0 .\CortexM3\ARM_GCC_541\Debug\Motor.a(P0.o)
 .text.P0_SetDriveMode
                0x00000000       0x3c .\CortexM3\ARM_GCC_541\Debug\Motor.a(P0.o)
 .text.P0_ReadDataReg
                0x00000000       0x10 .\CortexM3\ARM_GCC_541\Debug\Motor.a(P0.o)
 .text          0x00000000        0x0 .\CortexM3\ARM_GCC_541\Debug\Motor.a(Timer2.o)
 .data          0x00000000        0x0 .\CortexM3\ARM_GCC_541\Debug\Motor.a(Timer2.o)
 .text.Timer2_Stop
                0x00000000       0x28 .\CortexM3\ARM_GCC_541\Debug\Motor.a(Timer2.o)
 .text.Timer2_SoftwareCapture
                0x00000000        0xc .\CortexM3\ARM_GCC_541\Debug\Motor.a(Timer2.o)
 .text.Timer2_ReadStatusRegister
                0x00000000        0xc .\CortexM3\ARM_GCC_541\Debug\Motor.a(Timer2.o)
 .text.Timer2_ReadControlRegister
                0x00000000        0xc .\CortexM3\ARM_GCC_541\Debug\Motor.a(Timer2.o)
 .text.Timer2_WriteControlRegister
                0x00000000        0xc .\CortexM3\ARM_GCC_541\Debug\Motor.a(Timer2.o)
 .text.Timer2_ReadPeriod
                0x00000000        0xc .\CortexM3\ARM_GCC_541\Debug\Motor.a(Timer2.o)
 .text.Timer2_ReadCapture
                0x00000000        0xc .\CortexM3\ARM_GCC_541\Debug\Motor.a(Timer2.o)
 .text.Timer2_ReadCounter
                0x00000000       0x14 .\CortexM3\ARM_GCC_541\Debug\Motor.a(Timer2.o)
 .text          0x00000000        0x0 .\CortexM3\ARM_GCC_541\Debug\Motor.a(ISR_T_1.o)
 .data          0x00000000        0x0 .\CortexM3\ARM_GCC_541\Debug\Motor.a(ISR_T_1.o)
 .bss           0x00000000        0x0 .\CortexM3\ARM_GCC_541\Debug\Motor.a(ISR_T_1.o)
 .text.ISR_T_1_Interrupt
                0x00000000        0x4 .\CortexM3\ARM_GCC_541\Debug\Motor.a(ISR_T_1.o)
 .text.ISR_T_1_GetVector
                0x00000000        0xc .\CortexM3\ARM_GCC_541\Debug\Motor.a(ISR_T_1.o)
 .text.ISR_T_1_GetPriority
                0x00000000        0xc .\CortexM3\ARM_GCC_541\Debug\Motor.a(ISR_T_1.o)
 .text.ISR_T_1_GetState
                0x00000000       0x10 .\CortexM3\ARM_GCC_541\Debug\Motor.a(ISR_T_1.o)
 .text.ISR_T_1_Start
                0x00000000       0x1c .\CortexM3\ARM_GCC_541\Debug\Motor.a(ISR_T_1.o)
 .text.ISR_T_1_Stop
                0x00000000       0x14 .\CortexM3\ARM_GCC_541\Debug\Motor.a(ISR_T_1.o)
 .text.ISR_T_1_SetPending
                0x00000000        0xc .\CortexM3\ARM_GCC_541\Debug\Motor.a(ISR_T_1.o)
 .text.ISR_T_1_ClearPending
                0x00000000        0xc .\CortexM3\ARM_GCC_541\Debug\Motor.a(ISR_T_1.o)
 .text          0x00000000        0x0 .\CortexM3\ARM_GCC_541\Debug\Motor.a(ISR_T_2.o)
 .data          0x00000000        0x0 .\CortexM3\ARM_GCC_541\Debug\Motor.a(ISR_T_2.o)
 .bss           0x00000000        0x0 .\CortexM3\ARM_GCC_541\Debug\Motor.a(ISR_T_2.o)
 .text.ISR_T_2_Interrupt
                0x00000000        0x4 .\CortexM3\ARM_GCC_541\Debug\Motor.a(ISR_T_2.o)
 .text.ISR_T_2_GetVector
                0x00000000        0xc .\CortexM3\ARM_GCC_541\Debug\Motor.a(ISR_T_2.o)
 .text.ISR_T_2_GetPriority
                0x00000000        0xc .\CortexM3\ARM_GCC_541\Debug\Motor.a(ISR_T_2.o)
 .text.ISR_T_2_GetState
                0x00000000       0x18 .\CortexM3\ARM_GCC_541\Debug\Motor.a(ISR_T_2.o)
 .text.ISR_T_2_Start
                0x00000000       0x1c .\CortexM3\ARM_GCC_541\Debug\Motor.a(ISR_T_2.o)
 .text.ISR_T_2_Stop
                0x00000000       0x14 .\CortexM3\ARM_GCC_541\Debug\Motor.a(ISR_T_2.o)
 .text.ISR_T_2_SetPending
                0x00000000        0xc .\CortexM3\ARM_GCC_541\Debug\Motor.a(ISR_T_2.o)
 .text.ISR_T_2_ClearPending
                0x00000000        0xc .\CortexM3\ARM_GCC_541\Debug\Motor.a(ISR_T_2.o)
 .text          0x00000000        0x0 .\CortexM3\ARM_GCC_541\Debug\Motor.a(PINT.o)
 .data          0x00000000        0x0 .\CortexM3\ARM_GCC_541\Debug\Motor.a(PINT.o)
 .bss           0x00000000        0x0 .\CortexM3\ARM_GCC_541\Debug\Motor.a(PINT.o)
 .text.PINT_Write
                0x00000000       0x18 .\CortexM3\ARM_GCC_541\Debug\Motor.a(PINT.o)
 .text.PINT_SetDriveMode
                0x00000000       0x18 .\CortexM3\ARM_GCC_541\Debug\Motor.a(PINT.o)
 .text.PINT_ReadDataReg
                0x00000000       0x10 .\CortexM3\ARM_GCC_541\Debug\Motor.a(PINT.o)
 .text          0x00000000        0x0 .\CortexM3\ARM_GCC_541\Debug\Motor.a(POUT.o)
 .data          0x00000000        0x0 .\CortexM3\ARM_GCC_541\Debug\Motor.a(POUT.o)
 .bss           0x00000000        0x0 .\CortexM3\ARM_GCC_541\Debug\Motor.a(POUT.o)
 .text.POUT_SetDriveMode
                0x00000000       0x18 .\CortexM3\ARM_GCC_541\Debug\Motor.a(POUT.o)
 .text.POUT_Read
                0x00000000       0x10 .\CortexM3\ARM_GCC_541\Debug\Motor.a(POUT.o)
 .text.POUT_ReadDataReg
                0x00000000       0x10 .\CortexM3\ARM_GCC_541\Debug\Motor.a(POUT.o)
 .data          0x00000000        0x0 .\CortexM3\ARM_GCC_541\Debug\Motor.a(CyBootAsmGnu.o)
 .bss           0x00000000        0x0 .\CortexM3\ARM_GCC_541\Debug\Motor.a(CyBootAsmGnu.o)
 .text          0x00000000        0x0 .\CortexM3\ARM_GCC_541\Debug\Motor.a(CyFlash.o)
 .data          0x00000000        0x0 .\CortexM3\ARM_GCC_541\Debug\Motor.a(CyFlash.o)
 .bss           0x00000000        0x0 .\CortexM3\ARM_GCC_541\Debug\Motor.a(CyFlash.o)
 .text.CySetTempInt
                0x00000000       0x60 .\CortexM3\ARM_GCC_541\Debug\Motor.a(CyFlash.o)
 .text.CyFlash_Start
                0x00000000       0x54 .\CortexM3\ARM_GCC_541\Debug\Motor.a(CyFlash.o)
 .text.CyFlash_Stop
                0x00000000       0x24 .\CortexM3\ARM_GCC_541\Debug\Motor.a(CyFlash.o)
 .text.CyFlash_EraseRow
                0x00000000       0x78 .\CortexM3\ARM_GCC_541\Debug\Motor.a(CyFlash.o)
 .text.CyFlashGetSpcAlgorithm
                0x00000000       0x4c .\CortexM3\ARM_GCC_541\Debug\Motor.a(CyFlash.o)
 .text.CySetTemp
                0x00000000       0x14 .\CortexM3\ARM_GCC_541\Debug\Motor.a(CyFlash.o)
 .text.CySetFlashEEBuffer
                0x00000000       0x20 .\CortexM3\ARM_GCC_541\Debug\Motor.a(CyFlash.o)
 .text.CyWriteRowFull
                0x00000000       0xf8 .\CortexM3\ARM_GCC_541\Debug\Motor.a(CyFlash.o)
 .text.CyWriteRowData
                0x00000000       0x14 .\CortexM3\ARM_GCC_541\Debug\Motor.a(CyFlash.o)
 .text.CyFlash_SetWaitCycles
                0x00000000       0x7c .\CortexM3\ARM_GCC_541\Debug\Motor.a(CyFlash.o)
 .text.CyEEPROM_Start
                0x00000000       0x54 .\CortexM3\ARM_GCC_541\Debug\Motor.a(CyFlash.o)
 .text.CyEEPROM_Stop
                0x00000000       0x24 .\CortexM3\ARM_GCC_541\Debug\Motor.a(CyFlash.o)
 .text.CyEEPROM_ReadReserve
                0x00000000       0x1c .\CortexM3\ARM_GCC_541\Debug\Motor.a(CyFlash.o)
 .text.CyEEPROM_ReadRelease
                0x00000000       0x10 .\CortexM3\ARM_GCC_541\Debug\Motor.a(CyFlash.o)
 COMMON         0x00000000        0x2 .\CortexM3\ARM_GCC_541\Debug\Motor.a(CyFlash.o)
 .text          0x00000000        0x0 .\CortexM3\ARM_GCC_541\Debug\Motor.a(CySpc.o)
 .data          0x00000000        0x0 .\CortexM3\ARM_GCC_541\Debug\Motor.a(CySpc.o)
 .bss           0x00000000        0x8 .\CortexM3\ARM_GCC_541\Debug\Motor.a(CySpc.o)
 .text.CySpcStart
                0x00000000       0x24 .\CortexM3\ARM_GCC_541\Debug\Motor.a(CySpc.o)
 .text.CySpcStop
                0x00000000       0x24 .\CortexM3\ARM_GCC_541\Debug\Motor.a(CySpc.o)
 .text.CySpcReadData
                0x00000000       0x34 .\CortexM3\ARM_GCC_541\Debug\Motor.a(CySpc.o)
 .text.CySpcLoadMultiByte
                0x00000000       0x78 .\CortexM3\ARM_GCC_541\Debug\Motor.a(CySpc.o)
 .text.CySpcLoadRow
                0x00000000       0x50 .\CortexM3\ARM_GCC_541\Debug\Motor.a(CySpc.o)
 .text.CySpcLoadRowFull
                0x00000000       0x80 .\CortexM3\ARM_GCC_541\Debug\Motor.a(CySpc.o)
 .text.CySpcWriteRow
                0x00000000       0x4c .\CortexM3\ARM_GCC_541\Debug\Motor.a(CySpc.o)
 .text.CySpcEraseSector
                0x00000000       0x3c .\CortexM3\ARM_GCC_541\Debug\Motor.a(CySpc.o)
 .text.CySpcEraseRow
                0x00000000       0x4c .\CortexM3\ARM_GCC_541\Debug\Motor.a(CySpc.o)
 .text.CySpcGetTemp
                0x00000000       0x3c .\CortexM3\ARM_GCC_541\Debug\Motor.a(CySpc.o)
 .text.CySpcLock
                0x00000000       0x4c .\CortexM3\ARM_GCC_541\Debug\Motor.a(CySpc.o)
 .text.CySpcUnlock
                0x00000000       0x38 .\CortexM3\ARM_GCC_541\Debug\Motor.a(CySpc.o)
 .text.CySpcGetAlgorithm
                0x00000000       0x28 .\CortexM3\ARM_GCC_541\Debug\Motor.a(CySpc.o)
 .data          0x00000000        0x0 c:/program files (x86)/cypress/psoc creator/4.2/psoc creator/import/gnu/arm/5.4.1/bin/../lib/gcc/arm-none-eabi/5.4.1/armv7-m\libgcc.a(_arm_addsubsf3.o)
 .bss           0x00000000        0x0 c:/program files (x86)/cypress/psoc creator/4.2/psoc creator/import/gnu/arm/5.4.1/bin/../lib/gcc/arm-none-eabi/5.4.1/armv7-m\libgcc.a(_arm_addsubsf3.o)
 .data          0x00000000        0x0 c:/program files (x86)/cypress/psoc creator/4.2/psoc creator/import/gnu/arm/5.4.1/bin/../lib/gcc/arm-none-eabi/5.4.1/armv7-m\libgcc.a(_arm_fixsfsi.o)
 .bss           0x00000000        0x0 c:/program files (x86)/cypress/psoc creator/4.2/psoc creator/import/gnu/arm/5.4.1/bin/../lib/gcc/arm-none-eabi/5.4.1/armv7-m\libgcc.a(_arm_fixsfsi.o)
 .text          0x00000000        0x0 c:/program files (x86)/cypress/psoc creator/4.2/psoc creator/import/gnu/arm/5.4.1/bin/../lib/gcc/arm-none-eabi/5.4.1/../../../../arm-none-eabi/lib/armv7-m\libg_nano.a(lib_a-errno.o)
 .data          0x00000000        0x0 c:/program files (x86)/cypress/psoc creator/4.2/psoc creator/import/gnu/arm/5.4.1/bin/../lib/gcc/arm-none-eabi/5.4.1/../../../../arm-none-eabi/lib/armv7-m\libg_nano.a(lib_a-errno.o)
 .bss           0x00000000        0x0 c:/program files (x86)/cypress/psoc creator/4.2/psoc creator/import/gnu/arm/5.4.1/bin/../lib/gcc/arm-none-eabi/5.4.1/../../../../arm-none-eabi/lib/armv7-m\libg_nano.a(lib_a-errno.o)
 .text          0x00000000        0x0 c:/program files (x86)/cypress/psoc creator/4.2/psoc creator/import/gnu/arm/5.4.1/bin/../lib/gcc/arm-none-eabi/5.4.1/../../../../arm-none-eabi/lib/armv7-m\libg_nano.a(lib_a-exit.o)
 .data          0x00000000        0x0 c:/program files (x86)/cypress/psoc creator/4.2/psoc creator/import/gnu/arm/5.4.1/bin/../lib/gcc/arm-none-eabi/5.4.1/../../../../arm-none-eabi/lib/armv7-m\libg_nano.a(lib_a-exit.o)
 .bss           0x00000000        0x0 c:/program files (x86)/cypress/psoc creator/4.2/psoc creator/import/gnu/arm/5.4.1/bin/../lib/gcc/arm-none-eabi/5.4.1/../../../../arm-none-eabi/lib/armv7-m\libg_nano.a(lib_a-exit.o)
 .text.exit     0x00000000       0x28 c:/program files (x86)/cypress/psoc creator/4.2/psoc creator/import/gnu/arm/5.4.1/bin/../lib/gcc/arm-none-eabi/5.4.1/../../../../arm-none-eabi/lib/armv7-m\libg_nano.a(lib_a-exit.o)
 .text          0x00000000        0x0 c:/program files (x86)/cypress/psoc creator/4.2/psoc creator/import/gnu/arm/5.4.1/bin/../lib/gcc/arm-none-eabi/5.4.1/../../../../arm-none-eabi/lib/armv7-m\libg_nano.a(lib_a-impure.o)
 .data          0x00000000        0x0 c:/program files (x86)/cypress/psoc creator/4.2/psoc creator/import/gnu/arm/5.4.1/bin/../lib/gcc/arm-none-eabi/5.4.1/../../../../arm-none-eabi/lib/armv7-m\libg_nano.a(lib_a-impure.o)
 .bss           0x00000000        0x0 c:/program files (x86)/cypress/psoc creator/4.2/psoc creator/import/gnu/arm/5.4.1/bin/../lib/gcc/arm-none-eabi/5.4.1/../../../../arm-none-eabi/lib/armv7-m\libg_nano.a(lib_a-impure.o)
 .rodata._global_impure_ptr
                0x00000000        0x4 c:/program files (x86)/cypress/psoc creator/4.2/psoc creator/import/gnu/arm/5.4.1/bin/../lib/gcc/arm-none-eabi/5.4.1/../../../../arm-none-eabi/lib/armv7-m\libg_nano.a(lib_a-impure.o)
 .text          0x00000000        0x0 c:/program files (x86)/cypress/psoc creator/4.2/psoc creator/import/gnu/arm/5.4.1/bin/../lib/gcc/arm-none-eabi/5.4.1/../../../../arm-none-eabi/lib/armv7-m\libg_nano.a(lib_a-init.o)
 .data          0x00000000        0x0 c:/program files (x86)/cypress/psoc creator/4.2/psoc creator/import/gnu/arm/5.4.1/bin/../lib/gcc/arm-none-eabi/5.4.1/../../../../arm-none-eabi/lib/armv7-m\libg_nano.a(lib_a-init.o)
 .bss           0x00000000        0x0 c:/program files (x86)/cypress/psoc creator/4.2/psoc creator/import/gnu/arm/5.4.1/bin/../lib/gcc/arm-none-eabi/5.4.1/../../../../arm-none-eabi/lib/armv7-m\libg_nano.a(lib_a-init.o)
 .text          0x00000000        0x0 c:/program files (x86)/cypress/psoc creator/4.2/psoc creator/import/gnu/arm/5.4.1/bin/../lib/gcc/arm-none-eabi/5.4.1/../../../../arm-none-eabi/lib/armv7-m\libg_nano.a(lib_a-memcpy-stub.o)
 .data          0x00000000        0x0 c:/program files (x86)/cypress/psoc creator/4.2/psoc creator/import/gnu/arm/5.4.1/bin/../lib/gcc/arm-none-eabi/5.4.1/../../../../arm-none-eabi/lib/armv7-m\libg_nano.a(lib_a-memcpy-stub.o)
 .bss           0x00000000        0x0 c:/program files (x86)/cypress/psoc creator/4.2/psoc creator/import/gnu/arm/5.4.1/bin/../lib/gcc/arm-none-eabi/5.4.1/../../../../arm-none-eabi/lib/armv7-m\libg_nano.a(lib_a-memcpy-stub.o)
 .text          0x00000000        0x0 c:/program files (x86)/cypress/psoc creator/4.2/psoc creator/import/gnu/arm/5.4.1/bin/../lib/gcc/arm-none-eabi/5.4.1/../../../../arm-none-eabi/lib/armv7-m\libg_nano.a(lib_a-memset.o)
 .data          0x00000000        0x0 c:/program files (x86)/cypress/psoc creator/4.2/psoc creator/import/gnu/arm/5.4.1/bin/../lib/gcc/arm-none-eabi/5.4.1/../../../../arm-none-eabi/lib/armv7-m\libg_nano.a(lib_a-memset.o)
 .bss           0x00000000        0x0 c:/program files (x86)/cypress/psoc creator/4.2/psoc creator/import/gnu/arm/5.4.1/bin/../lib/gcc/arm-none-eabi/5.4.1/../../../../arm-none-eabi/lib/armv7-m\libg_nano.a(lib_a-memset.o)
 .text          0x00000000        0x0 c:/program files (x86)/cypress/psoc creator/4.2/psoc creator/import/gnu/arm/5.4.1/bin/../lib/gcc/arm-none-eabi/5.4.1/armv7-m/crtend.o
 .data          0x00000000        0x0 c:/program files (x86)/cypress/psoc creator/4.2/psoc creator/import/gnu/arm/5.4.1/bin/../lib/gcc/arm-none-eabi/5.4.1/armv7-m/crtend.o
 .bss           0x00000000        0x0 c:/program files (x86)/cypress/psoc creator/4.2/psoc creator/import/gnu/arm/5.4.1/bin/../lib/gcc/arm-none-eabi/5.4.1/armv7-m/crtend.o
 .text          0x00000000        0x0 c:/program files (x86)/cypress/psoc creator/4.2/psoc creator/import/gnu/arm/5.4.1/bin/../lib/gcc/arm-none-eabi/5.4.1/armv7-m/crtn.o
 .data          0x00000000        0x0 c:/program files (x86)/cypress/psoc creator/4.2/psoc creator/import/gnu/arm/5.4.1/bin/../lib/gcc/arm-none-eabi/5.4.1/armv7-m/crtn.o
 .bss           0x00000000        0x0 c:/program files (x86)/cypress/psoc creator/4.2/psoc creator/import/gnu/arm/5.4.1/bin/../lib/gcc/arm-none-eabi/5.4.1/armv7-m/crtn.o

Memory Configuration

Name             Origin             Length             Attributes
rom              0x00000000         0x00040000         xr
ram              0x1fff8000         0x00010000         xrw
*default*        0x00000000         0xffffffff

Linker script and memory map

LOAD c:/program files (x86)/cypress/psoc creator/4.2/psoc creator/import/gnu/arm/5.4.1/bin/../lib/gcc/arm-none-eabi/5.4.1/armv7-m/crti.o
LOAD c:/program files (x86)/cypress/psoc creator/4.2/psoc creator/import/gnu/arm/5.4.1/bin/../lib/gcc/arm-none-eabi/5.4.1/armv7-m/crtbegin.o
LOAD c:/program files (x86)/cypress/psoc creator/4.2/psoc creator/import/gnu/arm/5.4.1/bin/../lib/gcc/arm-none-eabi/5.4.1/../../../../arm-none-eabi/lib/armv7-m/crt0.o
START GROUP
LOAD .\CortexM3\ARM_GCC_541\Debug\main.o
LOAD .\CortexM3\ARM_GCC_541\Debug\cyfitter_cfg.o
LOAD .\CortexM3\ARM_GCC_541\Debug\cymetadata.o
LOAD .\CortexM3\ARM_GCC_541\Debug\Cm3Start.o
LOAD .\CortexM3\ARM_GCC_541\Debug\Motor.a
LOAD C:\Program Files (x86)\Cypress\PSoC Creator\4.2\PSoC Creator\psoc\content\cycomponentlibrary\CyComponentLibrary.cylib\CortexM3\ARM_GCC_541\Debug\CyComponentLibrary.a
END GROUP
START GROUP
LOAD c:/program files (x86)/cypress/psoc creator/4.2/psoc creator/import/gnu/arm/5.4.1/bin/../lib/gcc/arm-none-eabi/5.4.1/armv7-m\libgcc.a
LOAD c:/program files (x86)/cypress/psoc creator/4.2/psoc creator/import/gnu/arm/5.4.1/bin/../lib/gcc/arm-none-eabi/5.4.1/../../../../arm-none-eabi/lib/armv7-m\libg_nano.a
LOAD c:/program files (x86)/cypress/psoc creator/4.2/psoc creator/import/gnu/arm/5.4.1/bin/../lib/gcc/arm-none-eabi/5.4.1/../../../../arm-none-eabi/lib/armv7-m\libc_nano.a
END GROUP
START GROUP
LOAD c:/program files (x86)/cypress/psoc creator/4.2/psoc creator/import/gnu/arm/5.4.1/bin/../lib/gcc/arm-none-eabi/5.4.1/armv7-m\libgcc.a
LOAD c:/program files (x86)/cypress/psoc creator/4.2/psoc creator/import/gnu/arm/5.4.1/bin/../lib/gcc/arm-none-eabi/5.4.1/../../../../arm-none-eabi/lib/armv7-m\libc_nano.a
END GROUP
LOAD c:/program files (x86)/cypress/psoc creator/4.2/psoc creator/import/gnu/arm/5.4.1/bin/../lib/gcc/arm-none-eabi/5.4.1/armv7-m/crtend.o
LOAD c:/program files (x86)/cypress/psoc creator/4.2/psoc creator/import/gnu/arm/5.4.1/bin/../lib/gcc/arm-none-eabi/5.4.1/armv7-m/crtn.o
START GROUP
LOAD c:/program files (x86)/cypress/psoc creator/4.2/psoc creator/import/gnu/arm/5.4.1/bin/../lib/gcc/arm-none-eabi/5.4.1/armv7-m\libgcc.a
LOAD c:/program files (x86)/cypress/psoc creator/4.2/psoc creator/import/gnu/arm/5.4.1/bin/../lib/gcc/arm-none-eabi/5.4.1/../../../../arm-none-eabi/lib/armv7-m\libc.a
LOAD c:/program files (x86)/cypress/psoc creator/4.2/psoc creator/import/gnu/arm/5.4.1/bin/../lib/gcc/arm-none-eabi/5.4.1/../../../../arm-none-eabi/lib/armv7-m\libnosys.a
END GROUP
                0x00000000                CY_APPL_ORIGIN = 0x0
                0x00000100                CY_FLASH_ROW_SIZE = 0x100
                0x00000020                CY_ECC_ROW_SIZE = 0x20
                0x00000000                CY_EE_IN_BTLDR = 0x0
                0x00000000                CY_APPL_LOADABLE = 0x0
                0x00000800                CY_EE_SIZE = 0x800
                0x00000001                CY_APPL_NUM = 0x1
                0x00000001                CY_APPL_MAX = 0x1
                0x00000040                CY_METADATA_SIZE = 0x40
                0x00000000                CY_APPL_LOADABLE = 0x0
                0x00000000                CY_CHECKSUM_EXCLUDE_SIZE = ALIGN (0x0, CY_FLASH_ROW_SIZE)
                [!provide]                PROVIDE (__cy_heap_start, _end)
                0x00000001                PROVIDE (__cy_region_num, ((__cy_regions_end - __cy_regions) / 0x10))
                0x20008000                PROVIDE (__cy_stack, (ORIGIN (ram) + LENGTH (ram)))
                [!provide]                PROVIDE (__cy_heap_end, (__cy_stack - 0x800))

.cybootloader   0x00000000        0x0
 *(.cybootloader)
                0x00000000                appl1_start = CY_APPL_ORIGIN?CY_APPL_ORIGIN:ALIGN (CY_FLASH_ROW_SIZE)
                0x0001ff00                appl2_start = (appl1_start + ALIGN ((((LENGTH (rom) - appl1_start) - (0x2 * CY_FLASH_ROW_SIZE)) / 0x2), CY_FLASH_ROW_SIZE))
                0x00000000                appl_start = (CY_APPL_NUM == 0x1)?appl1_start:appl2_start
                0x00000000                ecc_offset = ((appl_start / CY_FLASH_ROW_SIZE) * CY_ECC_ROW_SIZE)
                0x00000000                ee_offset = (CY_APPL_LOADABLE && ! (CY_EE_IN_BTLDR))?((CY_EE_SIZE / CY_APPL_MAX) * (CY_APPL_NUM - 0x1)):0x0
                0x00000800                ee_size = (CY_APPL_LOADABLE && ! (CY_EE_IN_BTLDR))?(CY_EE_SIZE / CY_APPL_MAX):CY_EE_SIZE
                [!provide]                PROVIDE (CY_ECC_OFFSET, ecc_offset)

.text           0x00000000      0xf3e
 CREATE_OBJECT_SYMBOLS
                0x00000000                PROVIDE (__cy_interrupt_vector, RomVectors)
 *(.romvectors)
 .romvectors    0x00000000       0x10 .\CortexM3\ARM_GCC_541\Debug\Cm3Start.o
                0x00000000                RomVectors
                0x00000001                ASSERT ((. != __cy_interrupt_vector), No interrupt vector)
                0x00000001                ASSERT (CY_APPL_ORIGIN?(SIZEOF (.cybootloader) <= CY_APPL_ORIGIN):0x1, Wrong image location)
                0x00000010                PROVIDE (__cy_reset, Reset)
 *(.text.Reset)
 .text.Reset    0x00000010       0x18 .\CortexM3\ARM_GCC_541\Debug\Cm3Start.o
                0x00000010                Reset
                0x00000001                ASSERT ((. != __cy_reset), No reset code)
 *(.dma_init)
                0x00000001                ASSERT ((((appl_start + .) <= 0x10000) || 0x1), DMA Init must be within the first 64k of flash)
 *(.text .text.* .gnu.linkonce.t.*)
 .text          0x00000028       0x5c c:/program files (x86)/cypress/psoc creator/4.2/psoc creator/import/gnu/arm/5.4.1/bin/../lib/gcc/arm-none-eabi/5.4.1/armv7-m/crtbegin.o
 .text.ISR_Timer2
                0x00000084       0x14 .\CortexM3\ARM_GCC_541\Debug\main.o
                0x00000084                ISR_Timer2
 .text.ISR_Timer
                0x00000098       0x54 .\CortexM3\ARM_GCC_541\Debug\main.o
                0x00000098                ISR_Timer
 .text.visual   0x000000ec       0xa8 .\CortexM3\ARM_GCC_541\Debug\main.o
                0x000000ec                visual
 .text.ISR_KEY  0x00000194       0xc4 .\CortexM3\ARM_GCC_541\Debug\main.o
                0x00000194                ISR_KEY
 .text.main     0x00000258       0xa4 .\CortexM3\ARM_GCC_541\Debug\main.o
                0x00000258                main
 .text.CyClockStartupError
                0x000002fc        0x4 .\CortexM3\ARM_GCC_541\Debug\cyfitter_cfg.o
 .text.cfg_write_bytes32
                0x00000300       0x34 .\CortexM3\ARM_GCC_541\Debug\cyfitter_cfg.o
 .text.AnalogSetDefault
                0x00000334       0x28 .\CortexM3\ARM_GCC_541\Debug\cyfitter_cfg.o
 .text.CYMEMZERO
                0x0000035c        0xc .\CortexM3\ARM_GCC_541\Debug\cyfitter_cfg.o
 .text.ClockSetup
                0x00000368       0xcc .\CortexM3\ARM_GCC_541\Debug\cyfitter_cfg.o
 .text.CYCONFIGCPY
                0x00000434        0x8 .\CortexM3\ARM_GCC_541\Debug\cyfitter_cfg.o
 .text.cyfitter_cfg
                0x0000043c      0x120 .\CortexM3\ARM_GCC_541\Debug\cyfitter_cfg.o
                0x0000043c                cyfitter_cfg
 .text.IntDefaultHandler
                0x0000055c       0x10 .\CortexM3\ARM_GCC_541\Debug\Cm3Start.o
                0x0000055c                IntDefaultHandler
 .text.Start_c  0x0000056c       0x4c .\CortexM3\ARM_GCC_541\Debug\Cm3Start.o
                0x0000056c                Start_c
 .text.initialize_psoc
                0x000005b8       0x68 .\CortexM3\ARM_GCC_541\Debug\Cm3Start.o
                0x000005b8                initialize_psoc
 .text.Timer_Enable
                0x00000620       0x28 .\CortexM3\ARM_GCC_541\Debug\Motor.a(Timer.o)
                0x00000620                Timer_Enable
 .text.Timer_SetInterruptMode
                0x00000648        0xc .\CortexM3\ARM_GCC_541\Debug\Motor.a(Timer.o)
                0x00000648                Timer_SetInterruptMode
 .text.Timer_WritePeriod
                0x00000654        0xc .\CortexM3\ARM_GCC_541\Debug\Motor.a(Timer.o)
                0x00000654                Timer_WritePeriod
 .text.Timer_WriteCounter
                0x00000660        0xc .\CortexM3\ARM_GCC_541\Debug\Motor.a(Timer.o)
                0x00000660                Timer_WriteCounter
 .text.Timer_Init
                0x0000066c       0x64 .\CortexM3\ARM_GCC_541\Debug\Motor.a(Timer.o)
                0x0000066c                Timer_Init
 .text.Timer_Start
                0x000006d0       0x1c .\CortexM3\ARM_GCC_541\Debug\Motor.a(Timer.o)
                0x000006d0                Timer_Start
 .text.LCD_WrCntrlNib
                0x000006ec       0x34 .\CortexM3\ARM_GCC_541\Debug\Motor.a(LCD.o)
 .text.LCD_WrDatNib
                0x00000720       0x44 .\CortexM3\ARM_GCC_541\Debug\Motor.a(LCD.o)
 .text.LCD_IsReady
                0x00000764       0xe4 .\CortexM3\ARM_GCC_541\Debug\Motor.a(LCD.o)
                0x00000764                LCD_IsReady
 .text.LCD_WriteData
                0x00000848       0x18 .\CortexM3\ARM_GCC_541\Debug\Motor.a(LCD.o)
                0x00000848                LCD_WriteData
 .text.LCD_PrintString
                0x00000860       0x1c .\CortexM3\ARM_GCC_541\Debug\Motor.a(LCD.o)
                0x00000860                LCD_PrintString
 .text.LCD_WriteControl
                0x0000087c       0x18 .\CortexM3\ARM_GCC_541\Debug\Motor.a(LCD.o)
                0x0000087c                LCD_WriteControl
 .text.LCD_Init
                0x00000894       0x6c .\CortexM3\ARM_GCC_541\Debug\Motor.a(LCD.o)
                0x00000894                LCD_Init
 .text.LCD_Enable
                0x00000900       0x14 .\CortexM3\ARM_GCC_541\Debug\Motor.a(LCD.o)
                0x00000900                LCD_Enable
 .text.LCD_Start
                0x00000914       0x1c .\CortexM3\ARM_GCC_541\Debug\Motor.a(LCD.o)
                0x00000914                LCD_Start
 .text.LCD_Position
                0x00000930       0x3c .\CortexM3\ARM_GCC_541\Debug\Motor.a(LCD.o)
                0x00000930                LCD_Position
 .text.LCD_PrintU32Number
                0x0000096c       0x64 .\CortexM3\ARM_GCC_541\Debug\Motor.a(LCD.o)
                0x0000096c                LCD_PrintU32Number
 .text.CyDelay  0x000009d0       0x2c .\CortexM3\ARM_GCC_541\Debug\Motor.a(CyLib.o)
                0x000009d0                CyDelay
 .text.CyDelayUs
                0x000009fc       0x14 .\CortexM3\ARM_GCC_541\Debug\Motor.a(CyLib.o)
                0x000009fc                CyDelayUs
 .text.Key_Read
                0x00000a10        0xc .\CortexM3\ARM_GCC_541\Debug\Motor.a(Key.o)
                0x00000a10                Key_Read
 .text.Key_ClearInterrupt
                0x00000a1c        0xc .\CortexM3\ARM_GCC_541\Debug\Motor.a(Key.o)
                0x00000a1c                Key_ClearInterrupt
 .text.IRS_key_SetVector
                0x00000a28        0xc .\CortexM3\ARM_GCC_541\Debug\Motor.a(IRS_key.o)
                0x00000a28                IRS_key_SetVector
 .text.IRS_key_SetPriority
                0x00000a34       0x10 .\CortexM3\ARM_GCC_541\Debug\Motor.a(IRS_key.o)
                0x00000a34                IRS_key_SetPriority
 .text.IRS_key_Enable
                0x00000a44        0xc .\CortexM3\ARM_GCC_541\Debug\Motor.a(IRS_key.o)
                0x00000a44                IRS_key_Enable
 .text.IRS_key_Disable
                0x00000a50        0xc .\CortexM3\ARM_GCC_541\Debug\Motor.a(IRS_key.o)
                0x00000a50                IRS_key_Disable
 .text.IRS_key_StartEx
                0x00000a5c       0x1c .\CortexM3\ARM_GCC_541\Debug\Motor.a(IRS_key.o)
                0x00000a5c                IRS_key_StartEx
 .text.P0_Write
                0x00000a78       0x18 .\CortexM3\ARM_GCC_541\Debug\Motor.a(P0.o)
                0x00000a78                P0_Write
 .text.P0_Read  0x00000a90       0x10 .\CortexM3\ARM_GCC_541\Debug\Motor.a(P0.o)
                0x00000a90                P0_Read
 .text.Timer2_Enable
                0x00000aa0       0x28 .\CortexM3\ARM_GCC_541\Debug\Motor.a(Timer2.o)
                0x00000aa0                Timer2_Enable
 .text.Timer2_SetInterruptMode
                0x00000ac8        0xc .\CortexM3\ARM_GCC_541\Debug\Motor.a(Timer2.o)
                0x00000ac8                Timer2_SetInterruptMode
 .text.Timer2_WritePeriod
                0x00000ad4        0xc .\CortexM3\ARM_GCC_541\Debug\Motor.a(Timer2.o)
                0x00000ad4                Timer2_WritePeriod
 .text.Timer2_WriteCounter
                0x00000ae0        0xc .\CortexM3\ARM_GCC_541\Debug\Motor.a(Timer2.o)
                0x00000ae0                Timer2_WriteCounter
 .text.Timer2_Init
                0x00000aec       0x64 .\CortexM3\ARM_GCC_541\Debug\Motor.a(Timer2.o)
                0x00000aec                Timer2_Init
 .text.Timer2_Start
                0x00000b50       0x1c .\CortexM3\ARM_GCC_541\Debug\Motor.a(Timer2.o)
                0x00000b50                Timer2_Start
 .text.ISR_T_1_SetVector
                0x00000b6c        0xc .\CortexM3\ARM_GCC_541\Debug\Motor.a(ISR_T_1.o)
                0x00000b6c                ISR_T_1_SetVector
 .text.ISR_T_1_SetPriority
                0x00000b78       0x10 .\CortexM3\ARM_GCC_541\Debug\Motor.a(ISR_T_1.o)
                0x00000b78                ISR_T_1_SetPriority
 .text.ISR_T_1_Enable
                0x00000b88        0xc .\CortexM3\ARM_GCC_541\Debug\Motor.a(ISR_T_1.o)
                0x00000b88                ISR_T_1_Enable
 .text.ISR_T_1_Disable
                0x00000b94        0xc .\CortexM3\ARM_GCC_541\Debug\Motor.a(ISR_T_1.o)
                0x00000b94                ISR_T_1_Disable
 .text.ISR_T_1_StartEx
                0x00000ba0       0x1c .\CortexM3\ARM_GCC_541\Debug\Motor.a(ISR_T_1.o)
                0x00000ba0                ISR_T_1_StartEx
 .text.ISR_T_2_SetVector
                0x00000bbc        0xc .\CortexM3\ARM_GCC_541\Debug\Motor.a(ISR_T_2.o)
                0x00000bbc                ISR_T_2_SetVector
 .text.ISR_T_2_SetPriority
                0x00000bc8       0x10 .\CortexM3\ARM_GCC_541\Debug\Motor.a(ISR_T_2.o)
                0x00000bc8                ISR_T_2_SetPriority
 .text.ISR_T_2_Enable
                0x00000bd8        0xc .\CortexM3\ARM_GCC_541\Debug\Motor.a(ISR_T_2.o)
                0x00000bd8                ISR_T_2_Enable
 .text.ISR_T_2_Disable
                0x00000be4        0xc .\CortexM3\ARM_GCC_541\Debug\Motor.a(ISR_T_2.o)
                0x00000be4                ISR_T_2_Disable
 .text.ISR_T_2_StartEx
                0x00000bf0       0x1c .\CortexM3\ARM_GCC_541\Debug\Motor.a(ISR_T_2.o)
                0x00000bf0                ISR_T_2_StartEx
 .text.PINT_Read
                0x00000c0c       0x10 .\CortexM3\ARM_GCC_541\Debug\Motor.a(PINT.o)
                0x00000c0c                PINT_Read
 .text.POUT_Write
                0x00000c1c       0x18 .\CortexM3\ARM_GCC_541\Debug\Motor.a(POUT.o)
                0x00000c1c                POUT_Write
 *fill*         0x00000c34        0x4 
 .text          0x00000c38       0x20 .\CortexM3\ARM_GCC_541\Debug\Motor.a(CyBootAsmGnu.o)
                0x00000c38                CyDelayCycles
                0x00000c48                CyEnterCriticalSection
                0x00000c50                CyExitCriticalSection
 .text          0x00000c58      0x21c c:/program files (x86)/cypress/psoc creator/4.2/psoc creator/import/gnu/arm/5.4.1/bin/../lib/gcc/arm-none-eabi/5.4.1/armv7-m\libgcc.a(_arm_addsubsf3.o)
                0x00000c58                __aeabi_frsub
                0x00000c60                __subsf3
                0x00000c60                __aeabi_fsub
                0x00000c64                __aeabi_fadd
                0x00000c64                __addsf3
                0x00000dc4                __aeabi_ui2f
                0x00000dc4                __floatunsisf
                0x00000dcc                __aeabi_i2f
                0x00000dcc                __floatsisf
                0x00000de8                __aeabi_ul2f
                0x00000de8                __floatundisf
                0x00000df8                __aeabi_l2f
                0x00000df8                __floatdisf
 .text          0x00000e74       0x4c c:/program files (x86)/cypress/psoc creator/4.2/psoc creator/import/gnu/arm/5.4.1/bin/../lib/gcc/arm-none-eabi/5.4.1/armv7-m\libgcc.a(_arm_fixsfsi.o)
                0x00000e74                __aeabi_f2iz
                0x00000e74                __fixsfsi
 .text.__errno  0x00000ec0        0xc c:/program files (x86)/cypress/psoc creator/4.2/psoc creator/import/gnu/arm/5.4.1/bin/../lib/gcc/arm-none-eabi/5.4.1/../../../../arm-none-eabi/lib/armv7-m\libg_nano.a(lib_a-errno.o)
                0x00000ec0                __errno
 .text.__libc_init_array
                0x00000ecc       0x4c c:/program files (x86)/cypress/psoc creator/4.2/psoc creator/import/gnu/arm/5.4.1/bin/../lib/gcc/arm-none-eabi/5.4.1/../../../../arm-none-eabi/lib/armv7-m\libg_nano.a(lib_a-init.o)
                0x00000ecc                __libc_init_array
 .text.memcpy   0x00000f18       0x16 c:/program files (x86)/cypress/psoc creator/4.2/psoc creator/import/gnu/arm/5.4.1/bin/../lib/gcc/arm-none-eabi/5.4.1/../../../../arm-none-eabi/lib/armv7-m\libg_nano.a(lib_a-memcpy-stub.o)
                0x00000f18                memcpy
 .text.memset   0x00000f2e       0x10 c:/program files (x86)/cypress/psoc creator/4.2/psoc creator/import/gnu/arm/5.4.1/bin/../lib/gcc/arm-none-eabi/5.4.1/../../../../arm-none-eabi/lib/armv7-m\libg_nano.a(lib_a-memset.o)
                0x00000f2e                memset
 *(.plt)
 *(.gnu.warning)
 *(.glue_7t)
 .glue_7t       0x00000f3e        0x0 linker stubs
 *(.glue_7)
 .glue_7        0x00000f3e        0x0 linker stubs
 *(.vfp11_veneer)
 .vfp11_veneer  0x00000f3e        0x0 linker stubs
 *(.bootloader)
 *(.ARM.extab* .gnu.linkonce.armextab.*)
 *(.gcc_except_table)

.v4_bx          0x00000f40        0x0
 .v4_bx         0x00000f40        0x0 linker stubs

.iplt           0x00000f40        0x0
 .iplt          0x00000f40        0x0 c:/program files (x86)/cypress/psoc creator/4.2/psoc creator/import/gnu/arm/5.4.1/bin/../lib/gcc/arm-none-eabi/5.4.1/armv7-m/crtbegin.o

.eh_frame_hdr
 *(.eh_frame_hdr)

.eh_frame       0x00000f40        0x4
 *(.eh_frame)
 .eh_frame      0x00000f40        0x0 c:/program files (x86)/cypress/psoc creator/4.2/psoc creator/import/gnu/arm/5.4.1/bin/../lib/gcc/arm-none-eabi/5.4.1/armv7-m/crtbegin.o
 .eh_frame      0x00000f40        0x4 c:/program files (x86)/cypress/psoc creator/4.2/psoc creator/import/gnu/arm/5.4.1/bin/../lib/gcc/arm-none-eabi/5.4.1/armv7-m/crtend.o
                [!provide]                PROVIDE (__exidx_start, .)

.ARM.exidx
 *(.ARM.exidx* .gnu.linkonce.armexidx.*)
                0x00000f44                __exidx_end = .

.rodata         0x00000f44       0x94
 *(.rodata .rodata.* .gnu.linkonce.r.*)
 .rodata.str1.4
                0x00000f44       0x20 .\CortexM3\ARM_GCC_541\Debug\main.o
                                 0x1e (size before relaxing)
 .rodata        0x00000f64       0x3a .\CortexM3\ARM_GCC_541\Debug\cyfitter_cfg.o
 .rodata.str1.1
                0x00000f9e        0x2 c:/program files (x86)/cypress/psoc creator/4.2/psoc creator/import/gnu/arm/5.4.1/bin/../lib/gcc/arm-none-eabi/5.4.1/../../../../arm-none-eabi/lib/armv7-m\libg_nano.a(lib_a-impure.o)
                0x00000fa0                . = ALIGN (0x4)
 *(.init)
 .init          0x00000fa0        0x4 c:/program files (x86)/cypress/psoc creator/4.2/psoc creator/import/gnu/arm/5.4.1/bin/../lib/gcc/arm-none-eabi/5.4.1/armv7-m/crti.o
                0x00000fa0                _init
 .init          0x00000fa4        0x8 c:/program files (x86)/cypress/psoc creator/4.2/psoc creator/import/gnu/arm/5.4.1/bin/../lib/gcc/arm-none-eabi/5.4.1/armv7-m/crtn.o
                0x00000fac                . = ALIGN (0x4)
                0x00000fac                __preinit_array_start = .
 *(.preinit_array)
                0x00000fac                __preinit_array_end = .
                0x00000fac                . = ALIGN (0x4)
                0x00000fac                __init_array_start = .
 *(SORT(.init_array.*))
 *(.init_array)
 .init_array    0x00000fac        0x4 c:/program files (x86)/cypress/psoc creator/4.2/psoc creator/import/gnu/arm/5.4.1/bin/../lib/gcc/arm-none-eabi/5.4.1/armv7-m/crtbegin.o
 .init_array    0x00000fb0        0x4 .\CortexM3\ARM_GCC_541\Debug\Cm3Start.o
                0x00000fb4                __init_array_end = .
                0x00000fb4                . = ALIGN (0x4)
 *(.fini)
 .fini          0x00000fb4        0x4 c:/program files (x86)/cypress/psoc creator/4.2/psoc creator/import/gnu/arm/5.4.1/bin/../lib/gcc/arm-none-eabi/5.4.1/armv7-m/crti.o
                0x00000fb4                _fini
 .fini          0x00000fb8        0x8 c:/program files (x86)/cypress/psoc creator/4.2/psoc creator/import/gnu/arm/5.4.1/bin/../lib/gcc/arm-none-eabi/5.4.1/armv7-m/crtn.o
                0x00000fc0                . = ALIGN (0x4)
                0x00000fc0                __fini_array_start = .
 *(.fini_array)
 .fini_array    0x00000fc0        0x4 c:/program files (x86)/cypress/psoc creator/4.2/psoc creator/import/gnu/arm/5.4.1/bin/../lib/gcc/arm-none-eabi/5.4.1/armv7-m/crtbegin.o
 *(SORT(.fini_array.*))
                0x00000fc4                __fini_array_end = .
                0x00000fc4                . = ALIGN (0x4)
 *crtbegin.o(.ctors)
 *(EXCLUDE_FILE(*crtend.o) .ctors)
 *(SORT(.ctors.*))
 *crtend.o(.ctors)
                0x00000fc4                . = ALIGN (0x4)
 *crtbegin.o(.dtors)
 *(EXCLUDE_FILE(*crtend.o) .dtors)
 *(SORT(.dtors.*))
 *crtend.o(.dtors)
                0x00000fc4                . = ALIGN (0x4)
                0x00000fc4                __cy_regions = .
                0x00000fc4        0x4 LONG 0xfd8 __cy_region_init_ram
                0x00000fc8        0x4 LONG 0x1fff80c8 __cy_region_start_data
                0x00000fcc        0x4 LONG 0x88 __cy_region_init_size_ram
                0x00000fd0        0x4 LONG 0x28 __cy_region_zero_size_ram
                0x00000fd4                __cy_regions_end = .
                0x00000fd8                . = ALIGN (0x8)
 *fill*         0x00000fd4        0x4 
                0x00000fd8                _etext = .

.cy_checksum_exclude
                0x00000fd8        0x0
 *(.cy_checksum_exclude)

.ramvectors     0x1fff8000       0xc0
                0x1fff8000                __cy_region_start_ram = .
 *(.ramvectors)
 .ramvectors    0x1fff8000       0xc0 .\CortexM3\ARM_GCC_541\Debug\Cm3Start.o
                0x1fff8000                CyRamVectors

.noinit         0x1fff80c0        0x1
 *(.noinit)
 .noinit        0x1fff80c0        0x1 .\CortexM3\ARM_GCC_541\Debug\Motor.a(CyLib.o)
                0x1fff80c0                CyResetStatus

.data           0x1fff80c8       0x88 load address 0x00000fd8
                0x1fff80c8                __cy_region_start_data = .
 *(.jcr)
 .jcr           0x1fff80c8        0x0 c:/program files (x86)/cypress/psoc creator/4.2/psoc creator/import/gnu/arm/5.4.1/bin/../lib/gcc/arm-none-eabi/5.4.1/armv7-m/crtbegin.o
 .jcr           0x1fff80c8        0x4 c:/program files (x86)/cypress/psoc creator/4.2/psoc creator/import/gnu/arm/5.4.1/bin/../lib/gcc/arm-none-eabi/5.4.1/armv7-m/crtend.o
 *(.got.plt)
 *(.got)
 *(.shdata)
 *(.data .data.* .gnu.linkonce.d.*)
 .data          0x1fff80cc        0xc .\CortexM3\ARM_GCC_541\Debug\main.o
                0x1fff80cc                dising
                0x1fff80d0                dec
                0x1fff80d4                seleccion
 .data          0x1fff80d8       0x10 .\CortexM3\ARM_GCC_541\Debug\Motor.a(CyLib.o)
                0x1fff80d8                cydelay_32k_ms
                0x1fff80dc                cydelay_freq_khz
                0x1fff80e0                cydelay_freq_mhz
                0x1fff80e4                cydelay_freq_hz
 .data.impure_data
                0x1fff80e8       0x60 c:/program files (x86)/cypress/psoc creator/4.2/psoc creator/import/gnu/arm/5.4.1/bin/../lib/gcc/arm-none-eabi/5.4.1/../../../../arm-none-eabi/lib/armv7-m\libg_nano.a(lib_a-impure.o)
 .data._impure_ptr
                0x1fff8148        0x4 c:/program files (x86)/cypress/psoc creator/4.2/psoc creator/import/gnu/arm/5.4.1/bin/../lib/gcc/arm-none-eabi/5.4.1/../../../../arm-none-eabi/lib/armv7-m\libg_nano.a(lib_a-impure.o)
                0x1fff8148                _impure_ptr
                0x1fff8150                . = ALIGN (0x8)
 *fill*         0x1fff814c        0x4 
 *(.ram)
                0x1fff8150                _edata = .

.igot.plt       0x1fff8150        0x0 load address 0x00001060
 .igot.plt      0x1fff8150        0x0 c:/program files (x86)/cypress/psoc creator/4.2/psoc creator/import/gnu/arm/5.4.1/bin/../lib/gcc/arm-none-eabi/5.4.1/armv7-m/crtbegin.o

.bss            0x1fff8150       0x28 load address 0x00001060
                0x1fff8150                PROVIDE (__bss_start__, .)
 *(.shbss)
 *(.bss .bss.* .gnu.linkonce.b.*)
 .bss           0x1fff8150       0x1c c:/program files (x86)/cypress/psoc creator/4.2/psoc creator/import/gnu/arm/5.4.1/bin/../lib/gcc/arm-none-eabi/5.4.1/armv7-m/crtbegin.o
 .bss           0x1fff816c        0x8 .\CortexM3\ARM_GCC_541\Debug\main.o
                0x1fff816c                contd
                0x1fff816e                cont
                0x1fff816f                de
                0x1fff8170                disingaux
                0x1fff8172                d
 .bss           0x1fff8174        0x1 .\CortexM3\ARM_GCC_541\Debug\Motor.a(Timer.o)
                0x1fff8174                Timer_initVar
 .bss           0x1fff8175        0x2 .\CortexM3\ARM_GCC_541\Debug\Motor.a(LCD.o)
                0x1fff8175                LCD_enableState
                0x1fff8176                LCD_initVar
 .bss           0x1fff8177        0x1 .\CortexM3\ARM_GCC_541\Debug\Motor.a(Timer2.o)
                0x1fff8177                Timer2_initVar
 *(COMMON)
                0x1fff8178                . = ALIGN (0x8)
 *(.ram.b)
                0x1fff8178                _end = .
                0x1fff8178                __end = .
                0x1fff8178                PROVIDE (end, .)
                0x1fff8178                PROVIDE (__bss_end__, .)
                0x00000fd8                __cy_region_init_ram = LOADADDR (.data)
                0x00000088                __cy_region_init_size_ram = (_edata - ADDR (.data))
                0x00000028                __cy_region_zero_size_ram = (_end - _edata)

.heap           0x1fff8178       0x80 load address 0x00001060
                0x1fff8178                . = _end
                0x1fff81f8                . = (. + 0x80)
 *fill*         0x1fff8178       0x80 
                0x1fff81f8                __cy_heap_limit = .

.stack          0x20007800      0x800
                0x20007800                __cy_stack_limit = .
                0x20008000                . = (. + 0x800)
 *fill*         0x20007800      0x800 
                0x00000001                ASSERT ((__cy_stack_limit >= __cy_heap_limit), region RAM overflowed with stack)
                0x00000000                cy_checksum_exclude_size = (CY_APPL_LOADABLE == 0x1)?SIZEOF (.cy_checksum_exclude):0x0
                0x00000001                ASSERT ((cy_checksum_exclude_size <= CY_CHECKSUM_EXCLUDE_SIZE), CY_BOOT: Section .cy_checksum_exclude size exceedes specified limit.)

.cyloadermeta
 *(.cyloadermeta)

.cyloadablemeta
 *(.cyloadablemeta)

.cyconfigecc    0x80000000       0x8c
 *(.cyconfigecc)
 .cyconfigecc   0x80000000       0x8c .\CortexM3\ARM_GCC_541\Debug\cymetadata.o
                0x80000000                cy_meta_configecc

.cycustnvl      0x90000000        0x4
 *(.cycustnvl)
 .cycustnvl     0x90000000        0x4 .\CortexM3\ARM_GCC_541\Debug\cymetadata.o
                0x90000000                cy_meta_custnvl

.cywolatch      0x90100000        0x4
 *(.cywolatch)
 .cywolatch     0x90100000        0x4 .\CortexM3\ARM_GCC_541\Debug\cymetadata.o
                0x90100000                cy_meta_wonvl

.cyeeprom       0x90200000        0x0
 *(.cyeeprom)
                0x00000001                ASSERT ((. <= ((0x90200000 + ee_offset) + ee_size)), .cyeeprom data will not fit in EEPROM)

.cyflashprotect
                0x90400000      0x100
 *(.cyflashprotect)
 .cyflashprotect
                0x90400000      0x100 .\CortexM3\ARM_GCC_541\Debug\cymetadata.o
                0x90400000                cy_meta_flashprotect

.cymeta         0x90500000        0xc
 *(.cymeta)
 .cymeta        0x90500000        0xc .\CortexM3\ARM_GCC_541\Debug\cymetadata.o
                0x90500000                cy_metadata

.rel.dyn        0x00001060        0x0 load address 0x9050000c
 .rel.iplt      0x00001060        0x0 c:/program files (x86)/cypress/psoc creator/4.2/psoc creator/import/gnu/arm/5.4.1/bin/../lib/gcc/arm-none-eabi/5.4.1/armv7-m/crtbegin.o

.stab
 *(.stab)

.stabstr
 *(.stabstr)

.debug
 *(.debug)

.line
 *(.line)

.debug_srcinfo
 *(.debug_srcinfo)

.debug_sfnames
 *(.debug_sfnames)

.debug_aranges  0x00000000      0x970
 *(.debug_aranges)
 .debug_aranges
                0x00000000       0x40 .\CortexM3\ARM_GCC_541\Debug\main.o
 .debug_aranges
                0x00000040       0x58 .\CortexM3\ARM_GCC_541\Debug\cyfitter_cfg.o
 .debug_aranges
                0x00000098       0x18 .\CortexM3\ARM_GCC_541\Debug\cymetadata.o
 .debug_aranges
                0x000000b0       0x48 .\CortexM3\ARM_GCC_541\Debug\Cm3Start.o
 .debug_aranges
                0x000000f8       0x88 .\CortexM3\ARM_GCC_541\Debug\Motor.a(Timer.o)
 .debug_aranges
                0x00000180       0x98 .\CortexM3\ARM_GCC_541\Debug\Motor.a(LCD.o)
 .debug_aranges
                0x00000218      0x2a0 .\CortexM3\ARM_GCC_541\Debug\Motor.a(CyLib.o)
 .debug_aranges
                0x000004b8       0x98 .\CortexM3\ARM_GCC_541\Debug\Motor.a(cyPm.o)
 .debug_aranges
                0x00000550       0x48 .\CortexM3\ARM_GCC_541\Debug\Motor.a(Key.o)
 .debug_aranges
                0x00000598       0x80 .\CortexM3\ARM_GCC_541\Debug\Motor.a(IRS_key.o)
 .debug_aranges
                0x00000618       0x38 .\CortexM3\ARM_GCC_541\Debug\Motor.a(P0.o)
 .debug_aranges
                0x00000650       0x88 .\CortexM3\ARM_GCC_541\Debug\Motor.a(Timer2.o)
 .debug_aranges
                0x000006d8       0x80 .\CortexM3\ARM_GCC_541\Debug\Motor.a(ISR_T_1.o)
 .debug_aranges
                0x00000758       0x80 .\CortexM3\ARM_GCC_541\Debug\Motor.a(ISR_T_2.o)
 .debug_aranges
                0x000007d8       0x38 .\CortexM3\ARM_GCC_541\Debug\Motor.a(PINT.o)
 .debug_aranges
                0x00000810       0x38 .\CortexM3\ARM_GCC_541\Debug\Motor.a(POUT.o)
 .debug_aranges
                0x00000848       0x20 .\CortexM3\ARM_GCC_541\Debug\Motor.a(CyBootAsmGnu.o)
 .debug_aranges
                0x00000868       0x88 .\CortexM3\ARM_GCC_541\Debug\Motor.a(CyFlash.o)
 .debug_aranges
                0x000008f0       0x80 .\CortexM3\ARM_GCC_541\Debug\Motor.a(CySpc.o)

.debug_pubnames
 *(.debug_pubnames)

.debug_info     0x00000000     0x53c3
 *(.debug_info .gnu.linkonce.wi.*)
 .debug_info    0x00000000      0x5d5 .\CortexM3\ARM_GCC_541\Debug\main.o
 .debug_info    0x000005d5      0x5b9 .\CortexM3\ARM_GCC_541\Debug\cyfitter_cfg.o
 .debug_info    0x00000b8e      0x134 .\CortexM3\ARM_GCC_541\Debug\cymetadata.o
 .debug_info    0x00000cc2      0x3bb .\CortexM3\ARM_GCC_541\Debug\Cm3Start.o
 .debug_info    0x0000107d      0x291 .\CortexM3\ARM_GCC_541\Debug\Motor.a(Timer.o)
 .debug_info    0x0000130e      0x715 .\CortexM3\ARM_GCC_541\Debug\Motor.a(LCD.o)
 .debug_info    0x00001a23     0x1374 .\CortexM3\ARM_GCC_541\Debug\Motor.a(CyLib.o)
 .debug_info    0x00002d97      0xa2a .\CortexM3\ARM_GCC_541\Debug\Motor.a(cyPm.o)
 .debug_info    0x000037c1      0x174 .\CortexM3\ARM_GCC_541\Debug\Motor.a(Key.o)
 .debug_info    0x00003935      0x2d2 .\CortexM3\ARM_GCC_541\Debug\Motor.a(IRS_key.o)
 .debug_info    0x00003c07      0x11f .\CortexM3\ARM_GCC_541\Debug\Motor.a(P0.o)
 .debug_info    0x00003d26      0x291 .\CortexM3\ARM_GCC_541\Debug\Motor.a(Timer2.o)
 .debug_info    0x00003fb7      0x2d2 .\CortexM3\ARM_GCC_541\Debug\Motor.a(ISR_T_1.o)
 .debug_info    0x00004289      0x2d2 .\CortexM3\ARM_GCC_541\Debug\Motor.a(ISR_T_2.o)
 .debug_info    0x0000455b      0x11f .\CortexM3\ARM_GCC_541\Debug\Motor.a(PINT.o)
 .debug_info    0x0000467a      0x11f .\CortexM3\ARM_GCC_541\Debug\Motor.a(POUT.o)
 .debug_info    0x00004799       0x8d .\CortexM3\ARM_GCC_541\Debug\Motor.a(CyBootAsmGnu.o)
 .debug_info    0x00004826      0x64d .\CortexM3\ARM_GCC_541\Debug\Motor.a(CyFlash.o)
 .debug_info    0x00004e73      0x550 .\CortexM3\ARM_GCC_541\Debug\Motor.a(CySpc.o)

.debug_abbrev   0x00000000     0x16fc
 *(.debug_abbrev)
 .debug_abbrev  0x00000000      0x138 .\CortexM3\ARM_GCC_541\Debug\main.o
 .debug_abbrev  0x00000138      0x20d .\CortexM3\ARM_GCC_541\Debug\cyfitter_cfg.o
 .debug_abbrev  0x00000345       0x5d .\CortexM3\ARM_GCC_541\Debug\cymetadata.o
 .debug_abbrev  0x000003a2      0x1e8 .\CortexM3\ARM_GCC_541\Debug\Cm3Start.o
 .debug_abbrev  0x0000058a      0x11a .\CortexM3\ARM_GCC_541\Debug\Motor.a(Timer.o)
 .debug_abbrev  0x000006a4      0x157 .\CortexM3\ARM_GCC_541\Debug\Motor.a(LCD.o)
 .debug_abbrev  0x000007fb      0x254 .\CortexM3\ARM_GCC_541\Debug\Motor.a(CyLib.o)
 .debug_abbrev  0x00000a4f      0x1ab .\CortexM3\ARM_GCC_541\Debug\Motor.a(cyPm.o)
 .debug_abbrev  0x00000bfa       0x90 .\CortexM3\ARM_GCC_541\Debug\Motor.a(Key.o)
 .debug_abbrev  0x00000c8a      0x173 .\CortexM3\ARM_GCC_541\Debug\Motor.a(IRS_key.o)
 .debug_abbrev  0x00000dfd       0x90 .\CortexM3\ARM_GCC_541\Debug\Motor.a(P0.o)
 .debug_abbrev  0x00000e8d      0x11a .\CortexM3\ARM_GCC_541\Debug\Motor.a(Timer2.o)
 .debug_abbrev  0x00000fa7      0x173 .\CortexM3\ARM_GCC_541\Debug\Motor.a(ISR_T_1.o)
 .debug_abbrev  0x0000111a      0x173 .\CortexM3\ARM_GCC_541\Debug\Motor.a(ISR_T_2.o)
 .debug_abbrev  0x0000128d       0x90 .\CortexM3\ARM_GCC_541\Debug\Motor.a(PINT.o)
 .debug_abbrev  0x0000131d       0x90 .\CortexM3\ARM_GCC_541\Debug\Motor.a(POUT.o)
 .debug_abbrev  0x000013ad       0x14 .\CortexM3\ARM_GCC_541\Debug\Motor.a(CyBootAsmGnu.o)
 .debug_abbrev  0x000013c1      0x1a7 .\CortexM3\ARM_GCC_541\Debug\Motor.a(CyFlash.o)
 .debug_abbrev  0x00001568      0x194 .\CortexM3\ARM_GCC_541\Debug\Motor.a(CySpc.o)

.debug_line     0x00000000     0x22d4
 *(.debug_line)
 .debug_line    0x00000000      0x27c .\CortexM3\ARM_GCC_541\Debug\main.o
 .debug_line    0x0000027c      0x1f6 .\CortexM3\ARM_GCC_541\Debug\cyfitter_cfg.o
 .debug_line    0x00000472      0x141 .\CortexM3\ARM_GCC_541\Debug\cymetadata.o
 .debug_line    0x000005b3      0x234 .\CortexM3\ARM_GCC_541\Debug\Cm3Start.o
 .debug_line    0x000007e7      0x153 .\CortexM3\ARM_GCC_541\Debug\Motor.a(Timer.o)
 .debug_line    0x0000093a      0x1dc .\CortexM3\ARM_GCC_541\Debug\Motor.a(LCD.o)
 .debug_line    0x00000b16      0x816 .\CortexM3\ARM_GCC_541\Debug\Motor.a(CyLib.o)
 .debug_line    0x0000132c      0x367 .\CortexM3\ARM_GCC_541\Debug\Motor.a(cyPm.o)
 .debug_line    0x00001693       0xbd .\CortexM3\ARM_GCC_541\Debug\Motor.a(Key.o)
 .debug_line    0x00001750      0x134 .\CortexM3\ARM_GCC_541\Debug\Motor.a(IRS_key.o)
 .debug_line    0x00001884       0x92 .\CortexM3\ARM_GCC_541\Debug\Motor.a(P0.o)
 .debug_line    0x00001916      0x154 .\CortexM3\ARM_GCC_541\Debug\Motor.a(Timer2.o)
 .debug_line    0x00001a6a      0x134 .\CortexM3\ARM_GCC_541\Debug\Motor.a(ISR_T_1.o)
 .debug_line    0x00001b9e      0x134 .\CortexM3\ARM_GCC_541\Debug\Motor.a(ISR_T_2.o)
 .debug_line    0x00001cd2       0x91 .\CortexM3\ARM_GCC_541\Debug\Motor.a(PINT.o)
 .debug_line    0x00001d63       0x91 .\CortexM3\ARM_GCC_541\Debug\Motor.a(POUT.o)
 .debug_line    0x00001df4       0x66 .\CortexM3\ARM_GCC_541\Debug\Motor.a(CyBootAsmGnu.o)
 .debug_line    0x00001e5a      0x21a .\CortexM3\ARM_GCC_541\Debug\Motor.a(CyFlash.o)
 .debug_line    0x00002074      0x260 .\CortexM3\ARM_GCC_541\Debug\Motor.a(CySpc.o)

.debug_frame    0x00000000     0x17a0
 *(.debug_frame)
 .debug_frame   0x00000000       0xa0 .\CortexM3\ARM_GCC_541\Debug\main.o
 .debug_frame   0x000000a0       0xe4 .\CortexM3\ARM_GCC_541\Debug\cyfitter_cfg.o
 .debug_frame   0x00000184       0xb8 .\CortexM3\ARM_GCC_541\Debug\Cm3Start.o
 .debug_frame   0x0000023c      0x108 .\CortexM3\ARM_GCC_541\Debug\Motor.a(Timer.o)
 .debug_frame   0x00000344      0x1e8 .\CortexM3\ARM_GCC_541\Debug\Motor.a(LCD.o)
 .debug_frame   0x0000052c      0x738 .\CortexM3\ARM_GCC_541\Debug\Motor.a(CyLib.o)
 .debug_frame   0x00000c64      0x1f8 .\CortexM3\ARM_GCC_541\Debug\Motor.a(cyPm.o)
 .debug_frame   0x00000e5c       0x70 .\CortexM3\ARM_GCC_541\Debug\Motor.a(Key.o)
 .debug_frame   0x00000ecc      0x104 .\CortexM3\ARM_GCC_541\Debug\Motor.a(IRS_key.o)
 .debug_frame   0x00000fd0       0x50 .\CortexM3\ARM_GCC_541\Debug\Motor.a(P0.o)
 .debug_frame   0x00001020      0x108 .\CortexM3\ARM_GCC_541\Debug\Motor.a(Timer2.o)
 .debug_frame   0x00001128      0x104 .\CortexM3\ARM_GCC_541\Debug\Motor.a(ISR_T_1.o)
 .debug_frame   0x0000122c      0x104 .\CortexM3\ARM_GCC_541\Debug\Motor.a(ISR_T_2.o)
 .debug_frame   0x00001330       0x50 .\CortexM3\ARM_GCC_541\Debug\Motor.a(PINT.o)
 .debug_frame   0x00001380       0x50 .\CortexM3\ARM_GCC_541\Debug\Motor.a(POUT.o)
 .debug_frame   0x000013d0      0x194 .\CortexM3\ARM_GCC_541\Debug\Motor.a(CyFlash.o)
 .debug_frame   0x00001564      0x180 .\CortexM3\ARM_GCC_541\Debug\Motor.a(CySpc.o)
 .debug_frame   0x000016e4       0x20 c:/program files (x86)/cypress/psoc creator/4.2/psoc creator/import/gnu/arm/5.4.1/bin/../lib/gcc/arm-none-eabi/5.4.1/../../../../arm-none-eabi/lib/armv7-m\libg_nano.a(lib_a-errno.o)
 .debug_frame   0x00001704       0x28 c:/program files (x86)/cypress/psoc creator/4.2/psoc creator/import/gnu/arm/5.4.1/bin/../lib/gcc/arm-none-eabi/5.4.1/../../../../arm-none-eabi/lib/armv7-m\libg_nano.a(lib_a-exit.o)
 .debug_frame   0x0000172c       0x2c c:/program files (x86)/cypress/psoc creator/4.2/psoc creator/import/gnu/arm/5.4.1/bin/../lib/gcc/arm-none-eabi/5.4.1/../../../../arm-none-eabi/lib/armv7-m\libg_nano.a(lib_a-init.o)
 .debug_frame   0x00001758       0x28 c:/program files (x86)/cypress/psoc creator/4.2/psoc creator/import/gnu/arm/5.4.1/bin/../lib/gcc/arm-none-eabi/5.4.1/../../../../arm-none-eabi/lib/armv7-m\libg_nano.a(lib_a-memcpy-stub.o)
 .debug_frame   0x00001780       0x20 c:/program files (x86)/cypress/psoc creator/4.2/psoc creator/import/gnu/arm/5.4.1/bin/../lib/gcc/arm-none-eabi/5.4.1/../../../../arm-none-eabi/lib/armv7-m\libg_nano.a(lib_a-memset.o)

.debug_str      0x00000000     0x1be7
 *(.debug_str)
 .debug_str     0x00000000      0x296 .\CortexM3\ARM_GCC_541\Debug\main.o
                                0x2de (size before relaxing)
 .debug_str     0x00000296      0x1af .\CortexM3\ARM_GCC_541\Debug\cyfitter_cfg.o
                                0x341 (size before relaxing)
 .debug_str     0x00000445       0x7f .\CortexM3\ARM_GCC_541\Debug\cymetadata.o
                                0x1e1 (size before relaxing)
 .debug_str     0x000004c4      0x144 .\CortexM3\ARM_GCC_541\Debug\Cm3Start.o
                                0x307 (size before relaxing)
 .debug_str     0x00000608      0x156 .\CortexM3\ARM_GCC_541\Debug\Motor.a(Timer.o)
                                0x2f2 (size before relaxing)
 .debug_str     0x0000075e      0x13d .\CortexM3\ARM_GCC_541\Debug\Motor.a(LCD.o)
                                0x328 (size before relaxing)
 .debug_str     0x0000089b      0x833 .\CortexM3\ARM_GCC_541\Debug\Motor.a(CyLib.o)
                                0xa44 (size before relaxing)
 .debug_str     0x000010ce      0x365 .\CortexM3\ARM_GCC_541\Debug\Motor.a(cyPm.o)
                                0x730 (size before relaxing)
 .debug_str     0x00001433       0x71 .\CortexM3\ARM_GCC_541\Debug\Motor.a(Key.o)
                                0x20d (size before relaxing)
 .debug_str     0x000014a4       0xf2 .\CortexM3\ARM_GCC_541\Debug\Motor.a(IRS_key.o)
                                0x2bf (size before relaxing)
 .debug_str     0x00001596       0x3b .\CortexM3\ARM_GCC_541\Debug\Motor.a(P0.o)
                                0x1d0 (size before relaxing)
 .debug_str     0x000015d1      0x134 .\CortexM3\ARM_GCC_541\Debug\Motor.a(Timer2.o)
                                0x302 (size before relaxing)
 .debug_str     0x00001705       0xf2 .\CortexM3\ARM_GCC_541\Debug\Motor.a(ISR_T_1.o)
                                0x2bf (size before relaxing)
 .debug_str     0x000017f7       0xf2 .\CortexM3\ARM_GCC_541\Debug\Motor.a(ISR_T_2.o)
                                0x2bf (size before relaxing)
 .debug_str     0x000018e9       0x4c .\CortexM3\ARM_GCC_541\Debug\Motor.a(PINT.o)
                                0x1da (size before relaxing)
 .debug_str     0x00001935       0x4b .\CortexM3\ARM_GCC_541\Debug\Motor.a(POUT.o)
                                0x1da (size before relaxing)
 .debug_str     0x00001980      0x1bb .\CortexM3\ARM_GCC_541\Debug\Motor.a(CyFlash.o)
                                0x3bd (size before relaxing)
 .debug_str     0x00001b3b       0xac .\CortexM3\ARM_GCC_541\Debug\Motor.a(CySpc.o)
                                0x335 (size before relaxing)

.debug_loc      0x00000000     0x20ae
 *(.debug_loc)
 .debug_loc     0x00000000       0x53 .\CortexM3\ARM_GCC_541\Debug\main.o
 .debug_loc     0x00000053      0x259 .\CortexM3\ARM_GCC_541\Debug\cyfitter_cfg.o
 .debug_loc     0x000002ac      0x144 .\CortexM3\ARM_GCC_541\Debug\Cm3Start.o
 .debug_loc     0x000003f0      0x3c6 .\CortexM3\ARM_GCC_541\Debug\Motor.a(LCD.o)
 .debug_loc     0x000007b6      0xa11 .\CortexM3\ARM_GCC_541\Debug\Motor.a(CyLib.o)
 .debug_loc     0x000011c7      0x1e4 .\CortexM3\ARM_GCC_541\Debug\Motor.a(cyPm.o)
 .debug_loc     0x000013ab       0x84 .\CortexM3\ARM_GCC_541\Debug\Motor.a(Key.o)
 .debug_loc     0x0000142f       0x56 .\CortexM3\ARM_GCC_541\Debug\Motor.a(IRS_key.o)
 .debug_loc     0x00001485       0x42 .\CortexM3\ARM_GCC_541\Debug\Motor.a(P0.o)
 .debug_loc     0x000014c7       0x56 .\CortexM3\ARM_GCC_541\Debug\Motor.a(ISR_T_1.o)
 .debug_loc     0x0000151d       0x56 .\CortexM3\ARM_GCC_541\Debug\Motor.a(ISR_T_2.o)
 .debug_loc     0x00001573       0x42 .\CortexM3\ARM_GCC_541\Debug\Motor.a(PINT.o)
 .debug_loc     0x000015b5       0x42 .\CortexM3\ARM_GCC_541\Debug\Motor.a(POUT.o)
 .debug_loc     0x000015f7      0x3b2 .\CortexM3\ARM_GCC_541\Debug\Motor.a(CyFlash.o)
 .debug_loc     0x000019a9      0x705 .\CortexM3\ARM_GCC_541\Debug\Motor.a(CySpc.o)

.debug_macinfo
 *(.debug_macinfo)

.debug_ranges   0x00000000      0x828
 *(.debug_ranges)
 .debug_ranges  0x00000000       0x30 .\CortexM3\ARM_GCC_541\Debug\main.o
 .debug_ranges  0x00000030       0x48 .\CortexM3\ARM_GCC_541\Debug\cyfitter_cfg.o
 .debug_ranges  0x00000078       0x38 .\CortexM3\ARM_GCC_541\Debug\Cm3Start.o
 .debug_ranges  0x000000b0       0x78 .\CortexM3\ARM_GCC_541\Debug\Motor.a(Timer.o)
 .debug_ranges  0x00000128       0x88 .\CortexM3\ARM_GCC_541\Debug\Motor.a(LCD.o)
 .debug_ranges  0x000001b0      0x290 .\CortexM3\ARM_GCC_541\Debug\Motor.a(CyLib.o)
 .debug_ranges  0x00000440       0x88 .\CortexM3\ARM_GCC_541\Debug\Motor.a(cyPm.o)
 .debug_ranges  0x000004c8       0x38 .\CortexM3\ARM_GCC_541\Debug\Motor.a(Key.o)
 .debug_ranges  0x00000500       0x70 .\CortexM3\ARM_GCC_541\Debug\Motor.a(IRS_key.o)
 .debug_ranges  0x00000570       0x28 .\CortexM3\ARM_GCC_541\Debug\Motor.a(P0.o)
 .debug_ranges  0x00000598       0x78 .\CortexM3\ARM_GCC_541\Debug\Motor.a(Timer2.o)
 .debug_ranges  0x00000610       0x70 .\CortexM3\ARM_GCC_541\Debug\Motor.a(ISR_T_1.o)
 .debug_ranges  0x00000680       0x70 .\CortexM3\ARM_GCC_541\Debug\Motor.a(ISR_T_2.o)
 .debug_ranges  0x000006f0       0x28 .\CortexM3\ARM_GCC_541\Debug\Motor.a(PINT.o)
 .debug_ranges  0x00000718       0x28 .\CortexM3\ARM_GCC_541\Debug\Motor.a(POUT.o)
 .debug_ranges  0x00000740       0x78 .\CortexM3\ARM_GCC_541\Debug\Motor.a(CyFlash.o)
 .debug_ranges  0x000007b8       0x70 .\CortexM3\ARM_GCC_541\Debug\Motor.a(CySpc.o)

.comment        0x00000000       0x6e
 .comment       0x00000000       0x6e .\CortexM3\ARM_GCC_541\Debug\main.o
                                 0x6f (size before relaxing)
 .comment       0x0000006e       0x6f .\CortexM3\ARM_GCC_541\Debug\cyfitter_cfg.o
 .comment       0x0000006e       0x6f .\CortexM3\ARM_GCC_541\Debug\cymetadata.o
 .comment       0x0000006e       0x6f .\CortexM3\ARM_GCC_541\Debug\Cm3Start.o
 .comment       0x0000006e       0x6f .\CortexM3\ARM_GCC_541\Debug\Motor.a(Timer.o)
 .comment       0x0000006e       0x6f .\CortexM3\ARM_GCC_541\Debug\Motor.a(LCD.o)
 .comment       0x0000006e       0x6f .\CortexM3\ARM_GCC_541\Debug\Motor.a(CyLib.o)
 .comment       0x0000006e       0x6f .\CortexM3\ARM_GCC_541\Debug\Motor.a(cyPm.o)
 .comment       0x0000006e       0x6f .\CortexM3\ARM_GCC_541\Debug\Motor.a(Key.o)
 .comment       0x0000006e       0x6f .\CortexM3\ARM_GCC_541\Debug\Motor.a(IRS_key.o)
 .comment       0x0000006e       0x6f .\CortexM3\ARM_GCC_541\Debug\Motor.a(P0.o)
 .comment       0x0000006e       0x6f .\CortexM3\ARM_GCC_541\Debug\Motor.a(Timer2.o)
 .comment       0x0000006e       0x6f .\CortexM3\ARM_GCC_541\Debug\Motor.a(ISR_T_1.o)
 .comment       0x0000006e       0x6f .\CortexM3\ARM_GCC_541\Debug\Motor.a(ISR_T_2.o)
 .comment       0x0000006e       0x6f .\CortexM3\ARM_GCC_541\Debug\Motor.a(PINT.o)
 .comment       0x0000006e       0x6f .\CortexM3\ARM_GCC_541\Debug\Motor.a(POUT.o)
 .comment       0x0000006e       0x6f .\CortexM3\ARM_GCC_541\Debug\Motor.a(CyFlash.o)
 .comment       0x0000006e       0x6f .\CortexM3\ARM_GCC_541\Debug\Motor.a(CySpc.o)

.debug_weaknames
 *(.debug_weaknames)

.debug_funcnames
 *(.debug_funcnames)

.debug_typenames
 *(.debug_typenames)

.debug_varnames
 *(.debug_varnames)

.note.gnu.arm.ident
 *(.note.gnu.arm.ident)

.ARM.attributes
                0x00000000       0x29
 *(.ARM.attributes)
 .ARM.attributes
                0x00000000       0x1d c:/program files (x86)/cypress/psoc creator/4.2/psoc creator/import/gnu/arm/5.4.1/bin/../lib/gcc/arm-none-eabi/5.4.1/armv7-m/crti.o
 .ARM.attributes
                0x0000001d       0x2d c:/program files (x86)/cypress/psoc creator/4.2/psoc creator/import/gnu/arm/5.4.1/bin/../lib/gcc/arm-none-eabi/5.4.1/armv7-m/crtbegin.o
 .ARM.attributes
                0x0000004a       0x1b c:/program files (x86)/cypress/psoc creator/4.2/psoc creator/import/gnu/arm/5.4.1/bin/../lib/gcc/arm-none-eabi/5.4.1/../../../../arm-none-eabi/lib/armv7-m/crt0.o
 .ARM.attributes
                0x00000065       0x33 .\CortexM3\ARM_GCC_541\Debug\main.o
 .ARM.attributes
                0x00000098       0x33 .\CortexM3\ARM_GCC_541\Debug\cyfitter_cfg.o
 .ARM.attributes
                0x000000cb       0x33 .\CortexM3\ARM_GCC_541\Debug\cymetadata.o
 .ARM.attributes
                0x000000fe       0x33 .\CortexM3\ARM_GCC_541\Debug\Cm3Start.o
 .ARM.attributes
                0x00000131       0x33 .\CortexM3\ARM_GCC_541\Debug\Motor.a(Timer.o)
 .ARM.attributes
                0x00000164       0x33 .\CortexM3\ARM_GCC_541\Debug\Motor.a(LCD.o)
 .ARM.attributes
                0x00000197       0x33 .\CortexM3\ARM_GCC_541\Debug\Motor.a(CyLib.o)
 .ARM.attributes
                0x000001ca       0x33 .\CortexM3\ARM_GCC_541\Debug\Motor.a(cyPm.o)
 .ARM.attributes
                0x000001fd       0x33 .\CortexM3\ARM_GCC_541\Debug\Motor.a(Key.o)
 .ARM.attributes
                0x00000230       0x33 .\CortexM3\ARM_GCC_541\Debug\Motor.a(IRS_key.o)
 .ARM.attributes
                0x00000263       0x33 .\CortexM3\ARM_GCC_541\Debug\Motor.a(P0.o)
 .ARM.attributes
                0x00000296       0x33 .\CortexM3\ARM_GCC_541\Debug\Motor.a(Timer2.o)
 .ARM.attributes
                0x000002c9       0x33 .\CortexM3\ARM_GCC_541\Debug\Motor.a(ISR_T_1.o)
 .ARM.attributes
                0x000002fc       0x33 .\CortexM3\ARM_GCC_541\Debug\Motor.a(ISR_T_2.o)
 .ARM.attributes
                0x0000032f       0x33 .\CortexM3\ARM_GCC_541\Debug\Motor.a(PINT.o)
 .ARM.attributes
                0x00000362       0x33 .\CortexM3\ARM_GCC_541\Debug\Motor.a(POUT.o)
 .ARM.attributes
                0x00000395       0x21 .\CortexM3\ARM_GCC_541\Debug\Motor.a(CyBootAsmGnu.o)
 .ARM.attributes
                0x000003b6       0x33 .\CortexM3\ARM_GCC_541\Debug\Motor.a(CyFlash.o)
 .ARM.attributes
                0x000003e9       0x33 .\CortexM3\ARM_GCC_541\Debug\Motor.a(CySpc.o)
 .ARM.attributes
                0x0000041c       0x1d c:/program files (x86)/cypress/psoc creator/4.2/psoc creator/import/gnu/arm/5.4.1/bin/../lib/gcc/arm-none-eabi/5.4.1/armv7-m\libgcc.a(_arm_addsubsf3.o)
 .ARM.attributes
                0x00000439       0x1d c:/program files (x86)/cypress/psoc creator/4.2/psoc creator/import/gnu/arm/5.4.1/bin/../lib/gcc/arm-none-eabi/5.4.1/armv7-m\libgcc.a(_arm_fixsfsi.o)
 .ARM.attributes
                0x00000456       0x2d c:/program files (x86)/cypress/psoc creator/4.2/psoc creator/import/gnu/arm/5.4.1/bin/../lib/gcc/arm-none-eabi/5.4.1/../../../../arm-none-eabi/lib/armv7-m\libg_nano.a(lib_a-errno.o)
 .ARM.attributes
                0x00000483       0x2d c:/program files (x86)/cypress/psoc creator/4.2/psoc creator/import/gnu/arm/5.4.1/bin/../lib/gcc/arm-none-eabi/5.4.1/../../../../arm-none-eabi/lib/armv7-m\libg_nano.a(lib_a-exit.o)
 .ARM.attributes
                0x000004b0       0x2d c:/program files (x86)/cypress/psoc creator/4.2/psoc creator/import/gnu/arm/5.4.1/bin/../lib/gcc/arm-none-eabi/5.4.1/../../../../arm-none-eabi/lib/armv7-m\libg_nano.a(lib_a-impure.o)
 .ARM.attributes
                0x000004dd       0x2d c:/program files (x86)/cypress/psoc creator/4.2/psoc creator/import/gnu/arm/5.4.1/bin/../lib/gcc/arm-none-eabi/5.4.1/../../../../arm-none-eabi/lib/armv7-m\libg_nano.a(lib_a-init.o)
 .ARM.attributes
                0x0000050a       0x2d c:/program files (x86)/cypress/psoc creator/4.2/psoc creator/import/gnu/arm/5.4.1/bin/../lib/gcc/arm-none-eabi/5.4.1/../../../../arm-none-eabi/lib/armv7-m\libg_nano.a(lib_a-memcpy-stub.o)
 .ARM.attributes
                0x00000537       0x2d c:/program files (x86)/cypress/psoc creator/4.2/psoc creator/import/gnu/arm/5.4.1/bin/../lib/gcc/arm-none-eabi/5.4.1/../../../../arm-none-eabi/lib/armv7-m\libg_nano.a(lib_a-memset.o)
 .ARM.attributes
                0x00000564       0x2d c:/program files (x86)/cypress/psoc creator/4.2/psoc creator/import/gnu/arm/5.4.1/bin/../lib/gcc/arm-none-eabi/5.4.1/armv7-m/crtend.o
 .ARM.attributes
                0x00000591       0x1d c:/program files (x86)/cypress/psoc creator/4.2/psoc creator/import/gnu/arm/5.4.1/bin/../lib/gcc/arm-none-eabi/5.4.1/armv7-m/crtn.o

/DISCARD/
 *(.note.GNU-stack)
OUTPUT(C:\Users\nikod\Documents\PSoC Creator\Encoder_PSoC\Motor.cydsn\CortexM3\ARM_GCC_541\Debug\Motor.elf elf32-littlearm)
